ARM GAS  C:\Users\crazy\AppData\Local\Temp\ccAaMvji.s 			page 1


   1              		.syntax unified
   2              		.cpu cortex-m0
   3              		.fpu softvfp
   4              		.eabi_attribute 20, 1
   5              		.eabi_attribute 21, 1
   6              		.eabi_attribute 23, 3
   7              		.eabi_attribute 24, 1
   8              		.eabi_attribute 25, 1
   9              		.eabi_attribute 26, 1
  10              		.eabi_attribute 30, 6
  11              		.eabi_attribute 34, 0
  12              		.eabi_attribute 18, 4
  13              		.thumb
  14              		.syntax unified
  15              		.file	"cyfitter_cfg.c"
  16              		.text
  17              	.Ltext0:
  18              		.cfi_sections	.debug_frame
  19              		.section	.text.CYMEMZERO,"ax",%progbits
  20              		.align	2
  21              		.code	16
  22              		.thumb_func
  23              		.type	CYMEMZERO, %function
  24              	CYMEMZERO:
  25              	.LFB2:
  26              		.file 1 "Generated_Source\\PSoC4\\cyfitter_cfg.c"
   1:Generated_Source\PSoC4/cyfitter_cfg.c **** 
   2:Generated_Source\PSoC4/cyfitter_cfg.c **** /*******************************************************************************
   3:Generated_Source\PSoC4/cyfitter_cfg.c **** * File Name: cyfitter_cfg.c
   4:Generated_Source\PSoC4/cyfitter_cfg.c **** * 
   5:Generated_Source\PSoC4/cyfitter_cfg.c **** * PSoC Creator  4.2
   6:Generated_Source\PSoC4/cyfitter_cfg.c **** *
   7:Generated_Source\PSoC4/cyfitter_cfg.c **** * Description:
   8:Generated_Source\PSoC4/cyfitter_cfg.c **** * This file contains device initialization code.
   9:Generated_Source\PSoC4/cyfitter_cfg.c **** * Except for the user defined sections in CyClockStartupError(), this file should not be modified.
  10:Generated_Source\PSoC4/cyfitter_cfg.c **** * This file is automatically generated by PSoC Creator.
  11:Generated_Source\PSoC4/cyfitter_cfg.c **** *
  12:Generated_Source\PSoC4/cyfitter_cfg.c **** ********************************************************************************
  13:Generated_Source\PSoC4/cyfitter_cfg.c **** * Copyright (c) 2007-2018 Cypress Semiconductor.  All rights reserved.
  14:Generated_Source\PSoC4/cyfitter_cfg.c **** * You may use this file only in accordance with the license, terms, conditions, 
  15:Generated_Source\PSoC4/cyfitter_cfg.c **** * disclaimers, and limitations in the end user license agreement accompanying 
  16:Generated_Source\PSoC4/cyfitter_cfg.c **** * the software package with which this file was provided.
  17:Generated_Source\PSoC4/cyfitter_cfg.c **** ********************************************************************************/
  18:Generated_Source\PSoC4/cyfitter_cfg.c **** 
  19:Generated_Source\PSoC4/cyfitter_cfg.c **** #include <string.h>
  20:Generated_Source\PSoC4/cyfitter_cfg.c **** #include "cytypes.h"
  21:Generated_Source\PSoC4/cyfitter_cfg.c **** #include "cydevice_trm.h"
  22:Generated_Source\PSoC4/cyfitter_cfg.c **** #include "cyfitter.h"
  23:Generated_Source\PSoC4/cyfitter_cfg.c **** #include "CyLib.h"
  24:Generated_Source\PSoC4/cyfitter_cfg.c **** #include "cyfitter_cfg.h"
  25:Generated_Source\PSoC4/cyfitter_cfg.c **** 
  26:Generated_Source\PSoC4/cyfitter_cfg.c **** 
  27:Generated_Source\PSoC4/cyfitter_cfg.c **** #if defined(__GNUC__) || defined(__ARMCC_VERSION)
  28:Generated_Source\PSoC4/cyfitter_cfg.c ****     #define CYPACKED 
  29:Generated_Source\PSoC4/cyfitter_cfg.c ****     #define CYPACKED_ATTR __attribute__ ((packed))
  30:Generated_Source\PSoC4/cyfitter_cfg.c ****     #define CYALIGNED __attribute__ ((aligned))
  31:Generated_Source\PSoC4/cyfitter_cfg.c ****     #define CY_CFG_UNUSED __attribute__ ((unused))
ARM GAS  C:\Users\crazy\AppData\Local\Temp\ccAaMvji.s 			page 2


  32:Generated_Source\PSoC4/cyfitter_cfg.c ****     #ifndef CY_CFG_SECTION
  33:Generated_Source\PSoC4/cyfitter_cfg.c ****         #define CY_CFG_SECTION __attribute__ ((section(".psocinit")))
  34:Generated_Source\PSoC4/cyfitter_cfg.c ****     #endif
  35:Generated_Source\PSoC4/cyfitter_cfg.c ****     
  36:Generated_Source\PSoC4/cyfitter_cfg.c ****     #if defined(__ARMCC_VERSION)
  37:Generated_Source\PSoC4/cyfitter_cfg.c ****         #define CY_CFG_MEMORY_BARRIER() __memory_changed()
  38:Generated_Source\PSoC4/cyfitter_cfg.c ****     #else
  39:Generated_Source\PSoC4/cyfitter_cfg.c ****         #define CY_CFG_MEMORY_BARRIER() __sync_synchronize()
  40:Generated_Source\PSoC4/cyfitter_cfg.c ****     #endif
  41:Generated_Source\PSoC4/cyfitter_cfg.c ****     
  42:Generated_Source\PSoC4/cyfitter_cfg.c **** #elif defined(__ICCARM__)
  43:Generated_Source\PSoC4/cyfitter_cfg.c ****     #include <intrinsics.h>
  44:Generated_Source\PSoC4/cyfitter_cfg.c **** 
  45:Generated_Source\PSoC4/cyfitter_cfg.c ****     #define CYPACKED __packed
  46:Generated_Source\PSoC4/cyfitter_cfg.c ****     #define CYPACKED_ATTR 
  47:Generated_Source\PSoC4/cyfitter_cfg.c ****     #define CYALIGNED _Pragma("data_alignment=4")
  48:Generated_Source\PSoC4/cyfitter_cfg.c ****     #define CY_CFG_UNUSED _Pragma("diag_suppress=Pe177")
  49:Generated_Source\PSoC4/cyfitter_cfg.c ****     #define CY_CFG_SECTION _Pragma("location=\".psocinit\"")
  50:Generated_Source\PSoC4/cyfitter_cfg.c ****     
  51:Generated_Source\PSoC4/cyfitter_cfg.c ****     #define CY_CFG_MEMORY_BARRIER() __DMB()
  52:Generated_Source\PSoC4/cyfitter_cfg.c ****     
  53:Generated_Source\PSoC4/cyfitter_cfg.c **** #else
  54:Generated_Source\PSoC4/cyfitter_cfg.c ****     #error Unsupported toolchain
  55:Generated_Source\PSoC4/cyfitter_cfg.c **** #endif
  56:Generated_Source\PSoC4/cyfitter_cfg.c **** 
  57:Generated_Source\PSoC4/cyfitter_cfg.c **** #ifndef CYCODE
  58:Generated_Source\PSoC4/cyfitter_cfg.c ****     #define CYCODE
  59:Generated_Source\PSoC4/cyfitter_cfg.c **** #endif
  60:Generated_Source\PSoC4/cyfitter_cfg.c **** #ifndef CYDATA
  61:Generated_Source\PSoC4/cyfitter_cfg.c ****     #define CYDATA
  62:Generated_Source\PSoC4/cyfitter_cfg.c **** #endif
  63:Generated_Source\PSoC4/cyfitter_cfg.c **** #ifndef CYFAR
  64:Generated_Source\PSoC4/cyfitter_cfg.c ****     #define CYFAR
  65:Generated_Source\PSoC4/cyfitter_cfg.c **** #endif
  66:Generated_Source\PSoC4/cyfitter_cfg.c **** #ifndef CYXDATA
  67:Generated_Source\PSoC4/cyfitter_cfg.c ****     #define CYXDATA
  68:Generated_Source\PSoC4/cyfitter_cfg.c **** #endif
  69:Generated_Source\PSoC4/cyfitter_cfg.c **** 
  70:Generated_Source\PSoC4/cyfitter_cfg.c **** 
  71:Generated_Source\PSoC4/cyfitter_cfg.c **** CY_CFG_UNUSED
  72:Generated_Source\PSoC4/cyfitter_cfg.c **** static void CYMEMZERO(void *s, size_t n);
  73:Generated_Source\PSoC4/cyfitter_cfg.c **** CY_CFG_UNUSED
  74:Generated_Source\PSoC4/cyfitter_cfg.c **** static void CYMEMZERO(void *s, size_t n)
  75:Generated_Source\PSoC4/cyfitter_cfg.c **** {
  27              		.loc 1 75 0
  28              		.cfi_startproc
  29              		@ args = 0, pretend = 0, frame = 8
  30              		@ frame_needed = 1, uses_anonymous_args = 0
  31 0000 80B5     		push	{r7, lr}
  32              		.cfi_def_cfa_offset 8
  33              		.cfi_offset 7, -8
  34              		.cfi_offset 14, -4
  35 0002 82B0     		sub	sp, sp, #8
  36              		.cfi_def_cfa_offset 16
  37 0004 00AF     		add	r7, sp, #0
  38              		.cfi_def_cfa_register 7
  39 0006 7860     		str	r0, [r7, #4]
ARM GAS  C:\Users\crazy\AppData\Local\Temp\ccAaMvji.s 			page 3


  40 0008 3960     		str	r1, [r7]
  76:Generated_Source\PSoC4/cyfitter_cfg.c **** 	(void)memset(s, 0, n);
  41              		.loc 1 76 0
  42 000a 3A68     		ldr	r2, [r7]
  43 000c 7B68     		ldr	r3, [r7, #4]
  44 000e 0021     		movs	r1, #0
  45 0010 1800     		movs	r0, r3
  46 0012 FFF7FEFF 		bl	memset
  77:Generated_Source\PSoC4/cyfitter_cfg.c **** }
  47              		.loc 1 77 0
  48 0016 C046     		nop
  49 0018 BD46     		mov	sp, r7
  50 001a 02B0     		add	sp, sp, #8
  51              		@ sp needed
  52 001c 80BD     		pop	{r7, pc}
  53              		.cfi_endproc
  54              	.LFE2:
  55              		.size	CYMEMZERO, .-CYMEMZERO
  56 001e C046     		.section	.text.CYCONFIGCPY,"ax",%progbits
  57              		.align	2
  58              		.code	16
  59              		.thumb_func
  60              		.type	CYCONFIGCPY, %function
  61              	CYCONFIGCPY:
  62              	.LFB3:
  78:Generated_Source\PSoC4/cyfitter_cfg.c **** CY_CFG_UNUSED
  79:Generated_Source\PSoC4/cyfitter_cfg.c **** static void CYCONFIGCPY(void *dest, const void *src, size_t n);
  80:Generated_Source\PSoC4/cyfitter_cfg.c **** CY_CFG_UNUSED
  81:Generated_Source\PSoC4/cyfitter_cfg.c **** static void CYCONFIGCPY(void *dest, const void *src, size_t n)
  82:Generated_Source\PSoC4/cyfitter_cfg.c **** {
  63              		.loc 1 82 0
  64              		.cfi_startproc
  65              		@ args = 0, pretend = 0, frame = 16
  66              		@ frame_needed = 1, uses_anonymous_args = 0
  67 0000 80B5     		push	{r7, lr}
  68              		.cfi_def_cfa_offset 8
  69              		.cfi_offset 7, -8
  70              		.cfi_offset 14, -4
  71 0002 84B0     		sub	sp, sp, #16
  72              		.cfi_def_cfa_offset 24
  73 0004 00AF     		add	r7, sp, #0
  74              		.cfi_def_cfa_register 7
  75 0006 F860     		str	r0, [r7, #12]
  76 0008 B960     		str	r1, [r7, #8]
  77 000a 7A60     		str	r2, [r7, #4]
  83:Generated_Source\PSoC4/cyfitter_cfg.c **** 	(void)memcpy(dest, src, n);
  78              		.loc 1 83 0
  79 000c 7A68     		ldr	r2, [r7, #4]
  80 000e B968     		ldr	r1, [r7, #8]
  81 0010 FB68     		ldr	r3, [r7, #12]
  82 0012 1800     		movs	r0, r3
  83 0014 FFF7FEFF 		bl	memcpy
  84:Generated_Source\PSoC4/cyfitter_cfg.c **** }
  84              		.loc 1 84 0
  85 0018 C046     		nop
  86 001a BD46     		mov	sp, r7
  87 001c 04B0     		add	sp, sp, #16
ARM GAS  C:\Users\crazy\AppData\Local\Temp\ccAaMvji.s 			page 4


  88              		@ sp needed
  89 001e 80BD     		pop	{r7, pc}
  90              		.cfi_endproc
  91              	.LFE3:
  92              		.size	CYCONFIGCPY, .-CYCONFIGCPY
  93              		.section	.text.CYCONFIGCPYCODE,"ax",%progbits
  94              		.align	2
  95              		.code	16
  96              		.thumb_func
  97              		.type	CYCONFIGCPYCODE, %function
  98              	CYCONFIGCPYCODE:
  99              	.LFB4:
  85:Generated_Source\PSoC4/cyfitter_cfg.c **** CY_CFG_UNUSED
  86:Generated_Source\PSoC4/cyfitter_cfg.c **** static void CYCONFIGCPYCODE(void *dest, const void *src, size_t n);
  87:Generated_Source\PSoC4/cyfitter_cfg.c **** CY_CFG_UNUSED
  88:Generated_Source\PSoC4/cyfitter_cfg.c **** static void CYCONFIGCPYCODE(void *dest, const void *src, size_t n)
  89:Generated_Source\PSoC4/cyfitter_cfg.c **** {
 100              		.loc 1 89 0
 101              		.cfi_startproc
 102              		@ args = 0, pretend = 0, frame = 16
 103              		@ frame_needed = 1, uses_anonymous_args = 0
 104 0000 80B5     		push	{r7, lr}
 105              		.cfi_def_cfa_offset 8
 106              		.cfi_offset 7, -8
 107              		.cfi_offset 14, -4
 108 0002 84B0     		sub	sp, sp, #16
 109              		.cfi_def_cfa_offset 24
 110 0004 00AF     		add	r7, sp, #0
 111              		.cfi_def_cfa_register 7
 112 0006 F860     		str	r0, [r7, #12]
 113 0008 B960     		str	r1, [r7, #8]
 114 000a 7A60     		str	r2, [r7, #4]
  90:Generated_Source\PSoC4/cyfitter_cfg.c **** 	(void)memcpy(dest, src, n);
 115              		.loc 1 90 0
 116 000c 7A68     		ldr	r2, [r7, #4]
 117 000e B968     		ldr	r1, [r7, #8]
 118 0010 FB68     		ldr	r3, [r7, #12]
 119 0012 1800     		movs	r0, r3
 120 0014 FFF7FEFF 		bl	memcpy
  91:Generated_Source\PSoC4/cyfitter_cfg.c **** }
 121              		.loc 1 91 0
 122 0018 C046     		nop
 123 001a BD46     		mov	sp, r7
 124 001c 04B0     		add	sp, sp, #16
 125              		@ sp needed
 126 001e 80BD     		pop	{r7, pc}
 127              		.cfi_endproc
 128              	.LFE4:
 129              		.size	CYCONFIGCPYCODE, .-CYCONFIGCPYCODE
 130              		.section	.psocinit,"ax",%progbits
 131              		.align	2
 132              		.code	16
 133              		.thumb_func
 134              		.type	ClockSetup, %function
 135              	ClockSetup:
 136              	.LFB5:
  92:Generated_Source\PSoC4/cyfitter_cfg.c **** 
ARM GAS  C:\Users\crazy\AppData\Local\Temp\ccAaMvji.s 			page 5


  93:Generated_Source\PSoC4/cyfitter_cfg.c **** 
  94:Generated_Source\PSoC4/cyfitter_cfg.c **** 
  95:Generated_Source\PSoC4/cyfitter_cfg.c **** 
  96:Generated_Source\PSoC4/cyfitter_cfg.c **** /* Clock startup error codes                                                   */
  97:Generated_Source\PSoC4/cyfitter_cfg.c **** #define CYCLOCKSTART_NO_ERROR    0u
  98:Generated_Source\PSoC4/cyfitter_cfg.c **** #define CYCLOCKSTART_XTAL_ERROR  1u
  99:Generated_Source\PSoC4/cyfitter_cfg.c **** #define CYCLOCKSTART_32KHZ_ERROR 2u
 100:Generated_Source\PSoC4/cyfitter_cfg.c **** #define CYCLOCKSTART_PLL_ERROR   3u
 101:Generated_Source\PSoC4/cyfitter_cfg.c **** #define CYCLOCKSTART_FLL_ERROR   4u
 102:Generated_Source\PSoC4/cyfitter_cfg.c **** #define CYCLOCKSTART_WCO_ERROR   5u
 103:Generated_Source\PSoC4/cyfitter_cfg.c **** 
 104:Generated_Source\PSoC4/cyfitter_cfg.c **** 
 105:Generated_Source\PSoC4/cyfitter_cfg.c **** #ifdef CY_NEED_CYCLOCKSTARTUPERROR
 106:Generated_Source\PSoC4/cyfitter_cfg.c **** /*******************************************************************************
 107:Generated_Source\PSoC4/cyfitter_cfg.c **** * Function Name: CyClockStartupError
 108:Generated_Source\PSoC4/cyfitter_cfg.c **** ********************************************************************************
 109:Generated_Source\PSoC4/cyfitter_cfg.c **** * Summary:
 110:Generated_Source\PSoC4/cyfitter_cfg.c **** *  If an error is encountered during clock configuration (crystal startup error,
 111:Generated_Source\PSoC4/cyfitter_cfg.c **** *  PLL lock error, etc.), the system will end up here.  Unless reimplemented by
 112:Generated_Source\PSoC4/cyfitter_cfg.c **** *  the customer, this function will stop in an infinite loop.
 113:Generated_Source\PSoC4/cyfitter_cfg.c **** *
 114:Generated_Source\PSoC4/cyfitter_cfg.c **** * Parameters:
 115:Generated_Source\PSoC4/cyfitter_cfg.c **** *   void
 116:Generated_Source\PSoC4/cyfitter_cfg.c **** *
 117:Generated_Source\PSoC4/cyfitter_cfg.c **** * Return:
 118:Generated_Source\PSoC4/cyfitter_cfg.c **** *   void
 119:Generated_Source\PSoC4/cyfitter_cfg.c **** *
 120:Generated_Source\PSoC4/cyfitter_cfg.c **** *******************************************************************************/
 121:Generated_Source\PSoC4/cyfitter_cfg.c **** CY_CFG_UNUSED
 122:Generated_Source\PSoC4/cyfitter_cfg.c **** static void CyClockStartupError(uint8 errorCode);
 123:Generated_Source\PSoC4/cyfitter_cfg.c **** CY_CFG_UNUSED
 124:Generated_Source\PSoC4/cyfitter_cfg.c **** static void CyClockStartupError(uint8 errorCode)
 125:Generated_Source\PSoC4/cyfitter_cfg.c **** {
 126:Generated_Source\PSoC4/cyfitter_cfg.c ****     /* To remove the compiler warning if errorCode not used.                */
 127:Generated_Source\PSoC4/cyfitter_cfg.c ****     errorCode = errorCode;
 128:Generated_Source\PSoC4/cyfitter_cfg.c **** 
 129:Generated_Source\PSoC4/cyfitter_cfg.c ****     /* If we have a clock startup error (bad MHz crystal, PLL lock, etc.),  */
 130:Generated_Source\PSoC4/cyfitter_cfg.c ****     /* we will end up here to allow the customer to implement something to  */
 131:Generated_Source\PSoC4/cyfitter_cfg.c ****     /* deal with the clock condition.                                       */
 132:Generated_Source\PSoC4/cyfitter_cfg.c **** 
 133:Generated_Source\PSoC4/cyfitter_cfg.c **** #ifdef CY_CFG_CLOCK_STARTUP_ERROR_CALLBACK
 134:Generated_Source\PSoC4/cyfitter_cfg.c ****     CY_CFG_Clock_Startup_ErrorCallback();
 135:Generated_Source\PSoC4/cyfitter_cfg.c **** #else
 136:Generated_Source\PSoC4/cyfitter_cfg.c ****     /*  If not using CY_CFG_CLOCK_STARTUP_ERROR_CALLBACK, place your clock startup code here. */
 137:Generated_Source\PSoC4/cyfitter_cfg.c ****     /* `#START CyClockStartupError` */
 138:Generated_Source\PSoC4/cyfitter_cfg.c **** 
 139:Generated_Source\PSoC4/cyfitter_cfg.c **** 
 140:Generated_Source\PSoC4/cyfitter_cfg.c **** 
 141:Generated_Source\PSoC4/cyfitter_cfg.c ****     /* `#END` */
 142:Generated_Source\PSoC4/cyfitter_cfg.c **** 
 143:Generated_Source\PSoC4/cyfitter_cfg.c ****     while(1) {}
 144:Generated_Source\PSoC4/cyfitter_cfg.c **** #endif /* CY_CFG_CLOCK_STARTUP_ERROR_CALLBACK */
 145:Generated_Source\PSoC4/cyfitter_cfg.c **** }
 146:Generated_Source\PSoC4/cyfitter_cfg.c **** #endif
 147:Generated_Source\PSoC4/cyfitter_cfg.c **** 
 148:Generated_Source\PSoC4/cyfitter_cfg.c **** 
 149:Generated_Source\PSoC4/cyfitter_cfg.c **** 
ARM GAS  C:\Users\crazy\AppData\Local\Temp\ccAaMvji.s 			page 6


 150:Generated_Source\PSoC4/cyfitter_cfg.c **** /*******************************************************************************
 151:Generated_Source\PSoC4/cyfitter_cfg.c **** * Function Name: ClockSetup
 152:Generated_Source\PSoC4/cyfitter_cfg.c **** ********************************************************************************
 153:Generated_Source\PSoC4/cyfitter_cfg.c **** *
 154:Generated_Source\PSoC4/cyfitter_cfg.c **** * Summary:
 155:Generated_Source\PSoC4/cyfitter_cfg.c **** *   Performs the initialization of all of the clocks in the device based on the
 156:Generated_Source\PSoC4/cyfitter_cfg.c **** *   settings in the Clock tab of the DWR.  This includes enabling the requested
 157:Generated_Source\PSoC4/cyfitter_cfg.c **** *   clocks and setting the necessary dividers to produce the desired frequency. 
 158:Generated_Source\PSoC4/cyfitter_cfg.c **** *
 159:Generated_Source\PSoC4/cyfitter_cfg.c **** * Parameters:
 160:Generated_Source\PSoC4/cyfitter_cfg.c **** *   void
 161:Generated_Source\PSoC4/cyfitter_cfg.c **** *
 162:Generated_Source\PSoC4/cyfitter_cfg.c **** * Return:
 163:Generated_Source\PSoC4/cyfitter_cfg.c **** *   void
 164:Generated_Source\PSoC4/cyfitter_cfg.c **** *
 165:Generated_Source\PSoC4/cyfitter_cfg.c **** *******************************************************************************/
 166:Generated_Source\PSoC4/cyfitter_cfg.c **** static void ClockSetup(void);
 167:Generated_Source\PSoC4/cyfitter_cfg.c **** CY_CFG_SECTION
 168:Generated_Source\PSoC4/cyfitter_cfg.c **** static void ClockSetup(void)
 169:Generated_Source\PSoC4/cyfitter_cfg.c **** {
 137              		.loc 1 169 0
 138              		.cfi_startproc
 139              		@ args = 0, pretend = 0, frame = 0
 140              		@ frame_needed = 1, uses_anonymous_args = 0
 141 0000 80B5     		push	{r7, lr}
 142              		.cfi_def_cfa_offset 8
 143              		.cfi_offset 7, -8
 144              		.cfi_offset 14, -4
 145 0002 00AF     		add	r7, sp, #0
 146              		.cfi_def_cfa_register 7
 170:Generated_Source\PSoC4/cyfitter_cfg.c **** 
 171:Generated_Source\PSoC4/cyfitter_cfg.c **** 	/* Set Flash Cycles based on max possible frequency in case a glitch occurs during ClockSetup(). *
 172:Generated_Source\PSoC4/cyfitter_cfg.c **** 	CY_SET_REG32((void CYXDATA *)(CYREG_CPUSS_FLASH_CTL), (0x0012u));
 147              		.loc 1 172 0
 148 0004 2E4B     		ldr	r3, .L5
 149 0006 1222     		movs	r2, #18
 150 0008 1A60     		str	r2, [r3]
 173:Generated_Source\PSoC4/cyfitter_cfg.c **** 
 174:Generated_Source\PSoC4/cyfitter_cfg.c **** 	/* Start the WCO */
 175:Generated_Source\PSoC4/cyfitter_cfg.c **** 	CySysClkWcoStart();
 151              		.loc 1 175 0
 152 000a FFF7FEFF 		bl	CySysClkWcoStart
 176:Generated_Source\PSoC4/cyfitter_cfg.c **** 	CyDelayCycles(12000000u); /* WCO may take up to 500ms to start */
 153              		.loc 1 176 0
 154 000e 2D4B     		ldr	r3, .L5+4
 155 0010 1800     		movs	r0, r3
 156 0012 FFF7FEFF 		bl	CyDelayCycles
 177:Generated_Source\PSoC4/cyfitter_cfg.c **** 	(void)CySysClkWcoSetPowerMode(CY_SYS_CLK_WCO_LPM);    /* Switch to the low power mode */
 157              		.loc 1 177 0
 158 0016 0120     		movs	r0, #1
 159 0018 FFF7FEFF 		bl	CySysClkWcoSetPowerMode
 178:Generated_Source\PSoC4/cyfitter_cfg.c **** 
 179:Generated_Source\PSoC4/cyfitter_cfg.c **** 	/* Setup and trim IMO based on desired frequency. */
 180:Generated_Source\PSoC4/cyfitter_cfg.c **** 	CySysClkWriteImoFreq(48u);
 160              		.loc 1 180 0
 161 001c 3020     		movs	r0, #48
 162 001e FFF7FEFF 		bl	CySysClkWriteImoFreq
ARM GAS  C:\Users\crazy\AppData\Local\Temp\ccAaMvji.s 			page 7


 181:Generated_Source\PSoC4/cyfitter_cfg.c **** 	/* CYDEV_CLK_ILO_CONFIG Starting address: CYDEV_CLK_ILO_CONFIG */
 182:Generated_Source\PSoC4/cyfitter_cfg.c **** 	CY_SET_REG32((void *)(CYREG_CLK_ILO_CONFIG), 0x80000006u);
 163              		.loc 1 182 0
 164 0022 294B     		ldr	r3, .L5+8
 165 0024 294A     		ldr	r2, .L5+12
 166 0026 1A60     		str	r2, [r3]
 183:Generated_Source\PSoC4/cyfitter_cfg.c **** 
 184:Generated_Source\PSoC4/cyfitter_cfg.c **** 	/* CYDEV_WDT_CONFIG Starting address: CYDEV_WDT_CONFIG */
 185:Generated_Source\PSoC4/cyfitter_cfg.c **** 	CY_SET_REG32((void *)(CYREG_WDT_CONFIG), 0x40000000u);
 167              		.loc 1 185 0
 168 0028 294B     		ldr	r3, .L5+16
 169 002a 8022     		movs	r2, #128
 170 002c D205     		lsls	r2, r2, #23
 171 002e 1A60     		str	r2, [r3]
 186:Generated_Source\PSoC4/cyfitter_cfg.c **** 
 187:Generated_Source\PSoC4/cyfitter_cfg.c **** 
 188:Generated_Source\PSoC4/cyfitter_cfg.c **** 	/* Enable fast start mode for XO */
 189:Generated_Source\PSoC4/cyfitter_cfg.c **** 	CY_SET_REG32((void*)CYREG_BLE_BLERD_BB_XO, CY_GET_REG32((void*)CYREG_BLE_BLERD_BB_XO) | (uint32)0x
 172              		.loc 1 189 0
 173 0030 284B     		ldr	r3, .L5+20
 174 0032 284A     		ldr	r2, .L5+20
 175 0034 1268     		ldr	r2, [r2]
 176 0036 0221     		movs	r1, #2
 177 0038 0A43     		orrs	r2, r1
 178 003a 1A60     		str	r2, [r3]
 190:Generated_Source\PSoC4/cyfitter_cfg.c **** 	CY_SET_REG32((void *)(CYREG_BLE_BLERD_BB_XO_CAPTRIM), 0x00003E2Du);
 179              		.loc 1 190 0
 180 003c 264B     		ldr	r3, .L5+24
 181 003e 274A     		ldr	r2, .L5+28
 182 0040 1A60     		str	r2, [r3]
 191:Generated_Source\PSoC4/cyfitter_cfg.c **** 	/*Set XTAL(ECO) divider*/
 192:Generated_Source\PSoC4/cyfitter_cfg.c **** 	CY_SET_REG32((void *)(CYREG_BLE_BLESS_XTAL_CLK_DIV_CONFIG), 0x00000000u);
 183              		.loc 1 192 0
 184 0042 274B     		ldr	r3, .L5+32
 185 0044 0022     		movs	r2, #0
 186 0046 1A60     		str	r2, [r3]
 193:Generated_Source\PSoC4/cyfitter_cfg.c **** 	/* Disable Crystal Stable Interrupt before enabling ECO */
 194:Generated_Source\PSoC4/cyfitter_cfg.c **** 	CY_SET_REG32((void*)CYREG_BLE_BLESS_LL_DSM_CTRL, CY_GET_REG32((void*)CYREG_BLE_BLESS_LL_DSM_CTRL) 
 187              		.loc 1 194 0
 188 0048 264B     		ldr	r3, .L5+36
 189 004a 264A     		ldr	r2, .L5+36
 190 004c 1268     		ldr	r2, [r2]
 191 004e 0821     		movs	r1, #8
 192 0050 8A43     		bics	r2, r1
 193 0052 1A60     		str	r2, [r3]
 195:Generated_Source\PSoC4/cyfitter_cfg.c **** 	/* Start the ECO and do not check status since it is not needed for HFCLK */
 196:Generated_Source\PSoC4/cyfitter_cfg.c **** 	(void)CySysClkEcoStart(2000u);
 194              		.loc 1 196 0
 195 0054 FA23     		movs	r3, #250
 196 0056 DB00     		lsls	r3, r3, #3
 197 0058 1800     		movs	r0, r3
 198 005a FFF7FEFF 		bl	CySysClkEcoStart
 197:Generated_Source\PSoC4/cyfitter_cfg.c **** 	CyDelayUs(1500u); /* Wait to stabilize */
 199              		.loc 1 197 0
 200 005e 224B     		ldr	r3, .L5+40
 201 0060 1800     		movs	r0, r3
 202 0062 FFF7FEFF 		bl	CyDelayUs
ARM GAS  C:\Users\crazy\AppData\Local\Temp\ccAaMvji.s 			page 8


 198:Generated_Source\PSoC4/cyfitter_cfg.c **** 
 199:Generated_Source\PSoC4/cyfitter_cfg.c **** 	/* Setup phase aligned clocks */
 200:Generated_Source\PSoC4/cyfitter_cfg.c **** 	CY_SET_REG32((void *)CYREG_PERI_DIV_16_CTL0, 0x00000200u);
 203              		.loc 1 200 0
 204 0066 214B     		ldr	r3, .L5+44
 205 0068 8022     		movs	r2, #128
 206 006a 9200     		lsls	r2, r2, #2
 207 006c 1A60     		str	r2, [r3]
 201:Generated_Source\PSoC4/cyfitter_cfg.c **** 	CY_SET_REG32((void *)CYREG_PERI_DIV_CMD, 0x8000FF40u);
 208              		.loc 1 201 0
 209 006e 204B     		ldr	r3, .L5+48
 210 0070 204A     		ldr	r2, .L5+52
 211 0072 1A60     		str	r2, [r3]
 202:Generated_Source\PSoC4/cyfitter_cfg.c **** 	CY_SET_REG32((void *)CYREG_PERI_DIV_16_CTL1, 0x00000500u);
 212              		.loc 1 202 0
 213 0074 204B     		ldr	r3, .L5+56
 214 0076 A022     		movs	r2, #160
 215 0078 D200     		lsls	r2, r2, #3
 216 007a 1A60     		str	r2, [r3]
 203:Generated_Source\PSoC4/cyfitter_cfg.c **** 	CY_SET_REG32((void *)CYREG_PERI_DIV_CMD, 0x8000FF41u);
 217              		.loc 1 203 0
 218 007c 1C4B     		ldr	r3, .L5+48
 219 007e 1F4A     		ldr	r2, .L5+60
 220 0080 1A60     		str	r2, [r3]
 204:Generated_Source\PSoC4/cyfitter_cfg.c **** 	CY_SET_REG32((void *)CYREG_PERI_DIV_16_CTL2, 0x00002200u);
 221              		.loc 1 204 0
 222 0082 1F4B     		ldr	r3, .L5+64
 223 0084 8822     		movs	r2, #136
 224 0086 9201     		lsls	r2, r2, #6
 225 0088 1A60     		str	r2, [r3]
 205:Generated_Source\PSoC4/cyfitter_cfg.c **** 	CY_SET_REG32((void *)CYREG_PERI_DIV_CMD, 0x8000FF42u);
 226              		.loc 1 205 0
 227 008a 194B     		ldr	r3, .L5+48
 228 008c 1D4A     		ldr	r2, .L5+68
 229 008e 1A60     		str	r2, [r3]
 206:Generated_Source\PSoC4/cyfitter_cfg.c **** 
 207:Generated_Source\PSoC4/cyfitter_cfg.c **** 	/* CYDEV_CLK_IMO_CONFIG Starting address: CYDEV_CLK_IMO_CONFIG */
 208:Generated_Source\PSoC4/cyfitter_cfg.c **** 	CY_SET_REG32((void *)(CYREG_CLK_IMO_CONFIG), 0x80000000u);
 230              		.loc 1 208 0
 231 0090 1D4B     		ldr	r3, .L5+72
 232 0092 8022     		movs	r2, #128
 233 0094 1206     		lsls	r2, r2, #24
 234 0096 1A60     		str	r2, [r3]
 209:Generated_Source\PSoC4/cyfitter_cfg.c **** 
 210:Generated_Source\PSoC4/cyfitter_cfg.c **** 	/* CYDEV_CLK_SELECT Starting address: CYDEV_CLK_SELECT */
 211:Generated_Source\PSoC4/cyfitter_cfg.c **** 	CY_SET_REG32((void *)(CYREG_CLK_SELECT), 0x00040000u);
 235              		.loc 1 211 0
 236 0098 1C4B     		ldr	r3, .L5+76
 237 009a 8022     		movs	r2, #128
 238 009c D202     		lsls	r2, r2, #11
 239 009e 1A60     		str	r2, [r3]
 212:Generated_Source\PSoC4/cyfitter_cfg.c **** 
 213:Generated_Source\PSoC4/cyfitter_cfg.c **** 	/* CYDEV_PERI_PCLK_CTL7 Starting address: CYDEV_PERI_PCLK_CTL7 */
 214:Generated_Source\PSoC4/cyfitter_cfg.c **** 	CY_SET_REG32((void *)(CYREG_PERI_PCLK_CTL7), 0x00000040u);
 240              		.loc 1 214 0
 241 00a0 1B4B     		ldr	r3, .L5+80
 242 00a2 4022     		movs	r2, #64
ARM GAS  C:\Users\crazy\AppData\Local\Temp\ccAaMvji.s 			page 9


 243 00a4 1A60     		str	r2, [r3]
 215:Generated_Source\PSoC4/cyfitter_cfg.c **** 
 216:Generated_Source\PSoC4/cyfitter_cfg.c **** 	/* CYDEV_PERI_PCLK_CTL2 Starting address: CYDEV_PERI_PCLK_CTL2 */
 217:Generated_Source\PSoC4/cyfitter_cfg.c **** 	CY_SET_REG32((void *)(CYREG_PERI_PCLK_CTL2), 0x00000041u);
 244              		.loc 1 217 0
 245 00a6 1B4B     		ldr	r3, .L5+84
 246 00a8 4122     		movs	r2, #65
 247 00aa 1A60     		str	r2, [r3]
 218:Generated_Source\PSoC4/cyfitter_cfg.c **** 
 219:Generated_Source\PSoC4/cyfitter_cfg.c **** 	/* CYDEV_PERI_PCLK_CTL1 Starting address: CYDEV_PERI_PCLK_CTL1 */
 220:Generated_Source\PSoC4/cyfitter_cfg.c **** 	CY_SET_REG32((void *)(CYREG_PERI_PCLK_CTL1), 0x00000042u);
 248              		.loc 1 220 0
 249 00ac 1A4B     		ldr	r3, .L5+88
 250 00ae 4222     		movs	r2, #66
 251 00b0 1A60     		str	r2, [r3]
 221:Generated_Source\PSoC4/cyfitter_cfg.c **** 
 222:Generated_Source\PSoC4/cyfitter_cfg.c **** 	CY_SET_REG32((void *)(CYREG_WDT_CONFIG), 0x40000000u);
 252              		.loc 1 222 0
 253 00b2 074B     		ldr	r3, .L5+16
 254 00b4 8022     		movs	r2, #128
 255 00b6 D205     		lsls	r2, r2, #23
 256 00b8 1A60     		str	r2, [r3]
 223:Generated_Source\PSoC4/cyfitter_cfg.c **** }
 257              		.loc 1 223 0
 258 00ba C046     		nop
 259 00bc BD46     		mov	sp, r7
 260              		@ sp needed
 261 00be 80BD     		pop	{r7, pc}
 262              	.L6:
 263              		.align	2
 264              	.L5:
 265 00c0 30001040 		.word	1074790448
 266 00c4 001BB700 		.word	12000000
 267 00c8 04010B40 		.word	1074462980
 268 00cc 06000080 		.word	-2147483642
 269 00d0 0C020B40 		.word	1074463244
 270 00d4 78002E40 		.word	1076756600
 271 00d8 7C002E40 		.word	1076756604
 272 00dc 2D3E0000 		.word	15917
 273 00e0 64F02E40 		.word	1076818020
 274 00e4 6CF02E40 		.word	1076818028
 275 00e8 DC050000 		.word	1500
 276 00ec 00030140 		.word	1073808128
 277 00f0 00000140 		.word	1073807360
 278 00f4 40FF0080 		.word	-2147418304
 279 00f8 04030140 		.word	1073808132
 280 00fc 41FF0080 		.word	-2147418303
 281 0100 08030140 		.word	1073808136
 282 0104 42FF0080 		.word	-2147418302
 283 0108 08010B40 		.word	1074462984
 284 010c 00010B40 		.word	1074462976
 285 0110 1C010140 		.word	1073807644
 286 0114 08010140 		.word	1073807624
 287 0118 04010140 		.word	1073807620
 288              		.cfi_endproc
 289              	.LFE5:
 290              		.size	ClockSetup, .-ClockSetup
ARM GAS  C:\Users\crazy\AppData\Local\Temp\ccAaMvji.s 			page 10


 291              		.section	.text.AnalogSetDefault,"ax",%progbits
 292              		.align	2
 293              		.code	16
 294              		.thumb_func
 295              		.type	AnalogSetDefault, %function
 296              	AnalogSetDefault:
 297              	.LFB6:
 224:Generated_Source\PSoC4/cyfitter_cfg.c **** 
 225:Generated_Source\PSoC4/cyfitter_cfg.c **** 
 226:Generated_Source\PSoC4/cyfitter_cfg.c **** /* Analog API Functions */
 227:Generated_Source\PSoC4/cyfitter_cfg.c **** 
 228:Generated_Source\PSoC4/cyfitter_cfg.c **** 
 229:Generated_Source\PSoC4/cyfitter_cfg.c **** /*******************************************************************************
 230:Generated_Source\PSoC4/cyfitter_cfg.c **** * Function Name: AnalogSetDefault
 231:Generated_Source\PSoC4/cyfitter_cfg.c **** ********************************************************************************
 232:Generated_Source\PSoC4/cyfitter_cfg.c **** *
 233:Generated_Source\PSoC4/cyfitter_cfg.c **** * Summary:
 234:Generated_Source\PSoC4/cyfitter_cfg.c **** *  Sets up the analog portions of the chip to default values based on chip
 235:Generated_Source\PSoC4/cyfitter_cfg.c **** *  configuration options from the project.
 236:Generated_Source\PSoC4/cyfitter_cfg.c **** *
 237:Generated_Source\PSoC4/cyfitter_cfg.c **** * Parameters:
 238:Generated_Source\PSoC4/cyfitter_cfg.c **** *  void
 239:Generated_Source\PSoC4/cyfitter_cfg.c **** *
 240:Generated_Source\PSoC4/cyfitter_cfg.c **** * Return:
 241:Generated_Source\PSoC4/cyfitter_cfg.c **** *  void
 242:Generated_Source\PSoC4/cyfitter_cfg.c **** *
 243:Generated_Source\PSoC4/cyfitter_cfg.c **** *******************************************************************************/
 244:Generated_Source\PSoC4/cyfitter_cfg.c **** static void AnalogSetDefault(void);
 245:Generated_Source\PSoC4/cyfitter_cfg.c **** static void AnalogSetDefault(void)
 246:Generated_Source\PSoC4/cyfitter_cfg.c **** {
 298              		.loc 1 246 0
 299              		.cfi_startproc
 300              		@ args = 0, pretend = 0, frame = 0
 301              		@ frame_needed = 1, uses_anonymous_args = 0
 302 0000 80B5     		push	{r7, lr}
 303              		.cfi_def_cfa_offset 8
 304              		.cfi_offset 7, -8
 305              		.cfi_offset 14, -4
 306 0002 00AF     		add	r7, sp, #0
 307              		.cfi_def_cfa_register 7
 247:Generated_Source\PSoC4/cyfitter_cfg.c **** 	CY_SET_XTND_REG32((void CYFAR *)CYREG_CTBM0_DFT_CTRL, 0x00000003u);
 308              		.loc 1 247 0
 309 0004 054B     		ldr	r3, .L8
 310 0006 0322     		movs	r2, #3
 311 0008 1A60     		str	r2, [r3]
 248:Generated_Source\PSoC4/cyfitter_cfg.c **** 	CY_SET_XTND_REG32((void CYFAR *)CYREG_CTBM1_DFT_CTRL, 0x00000003u);
 312              		.loc 1 248 0
 313 000a 054B     		ldr	r3, .L8+4
 314 000c 0322     		movs	r2, #3
 315 000e 1A60     		str	r2, [r3]
 249:Generated_Source\PSoC4/cyfitter_cfg.c **** 	CY_SET_XTND_REG32((void CYFAR *)CYREG_PASS_DSAB_DSAB_CTRL, 0x00000000u);
 316              		.loc 1 249 0
 317 0010 044B     		ldr	r3, .L8+8
 318 0012 0022     		movs	r2, #0
 319 0014 1A60     		str	r2, [r3]
 250:Generated_Source\PSoC4/cyfitter_cfg.c **** }
 320              		.loc 1 250 0
ARM GAS  C:\Users\crazy\AppData\Local\Temp\ccAaMvji.s 			page 11


 321 0016 C046     		nop
 322 0018 BD46     		mov	sp, r7
 323              		@ sp needed
 324 001a 80BD     		pop	{r7, pc}
 325              	.L9:
 326              		.align	2
 327              	.L8:
 328 001c 30003040 		.word	1076887600
 329 0020 30003140 		.word	1076953136
 330 0024 000E3F40 		.word	1077874176
 331              		.cfi_endproc
 332              	.LFE6:
 333              		.size	AnalogSetDefault, .-AnalogSetDefault
 334              		.section	.psocinit
 335              		.align	2
 336              		.global	cyfitter_cfg
 337              		.code	16
 338              		.thumb_func
 339              		.type	cyfitter_cfg, %function
 340              	cyfitter_cfg:
 341              	.LFB7:
 251:Generated_Source\PSoC4/cyfitter_cfg.c **** 
 252:Generated_Source\PSoC4/cyfitter_cfg.c **** 
 253:Generated_Source\PSoC4/cyfitter_cfg.c **** 
 254:Generated_Source\PSoC4/cyfitter_cfg.c **** 
 255:Generated_Source\PSoC4/cyfitter_cfg.c **** /*******************************************************************************
 256:Generated_Source\PSoC4/cyfitter_cfg.c **** * Function Name: cyfitter_cfg
 257:Generated_Source\PSoC4/cyfitter_cfg.c **** ********************************************************************************
 258:Generated_Source\PSoC4/cyfitter_cfg.c **** * Summary:
 259:Generated_Source\PSoC4/cyfitter_cfg.c **** *  This function is called by the start-up code for the selected device. It
 260:Generated_Source\PSoC4/cyfitter_cfg.c **** *  performs all of the necessary device configuration based on the design
 261:Generated_Source\PSoC4/cyfitter_cfg.c **** *  settings.  This includes settings from the Design Wide Resources (DWR) such
 262:Generated_Source\PSoC4/cyfitter_cfg.c **** *  as Clocks and Pins as well as any component configuration that is necessary.
 263:Generated_Source\PSoC4/cyfitter_cfg.c **** *
 264:Generated_Source\PSoC4/cyfitter_cfg.c **** * Parameters:
 265:Generated_Source\PSoC4/cyfitter_cfg.c **** *   void
 266:Generated_Source\PSoC4/cyfitter_cfg.c **** *
 267:Generated_Source\PSoC4/cyfitter_cfg.c **** * Return:
 268:Generated_Source\PSoC4/cyfitter_cfg.c **** *   void
 269:Generated_Source\PSoC4/cyfitter_cfg.c **** *
 270:Generated_Source\PSoC4/cyfitter_cfg.c **** *******************************************************************************/
 271:Generated_Source\PSoC4/cyfitter_cfg.c **** CY_CFG_SECTION
 272:Generated_Source\PSoC4/cyfitter_cfg.c **** void cyfitter_cfg(void)
 273:Generated_Source\PSoC4/cyfitter_cfg.c **** {
 342              		.loc 1 273 0
 343              		.cfi_startproc
 344              		@ args = 0, pretend = 0, frame = 8
 345              		@ frame_needed = 1, uses_anonymous_args = 0
 346 011c 80B5     		push	{r7, lr}
 347              		.cfi_def_cfa_offset 8
 348              		.cfi_offset 7, -8
 349              		.cfi_offset 14, -4
 350 011e 82B0     		sub	sp, sp, #8
 351              		.cfi_def_cfa_offset 16
 352 0120 00AF     		add	r7, sp, #0
 353              		.cfi_def_cfa_register 7
 274:Generated_Source\PSoC4/cyfitter_cfg.c **** 	/* Disable interrupts by default. Let user enable if/when they want. */
ARM GAS  C:\Users\crazy\AppData\Local\Temp\ccAaMvji.s 			page 12


 275:Generated_Source\PSoC4/cyfitter_cfg.c **** 	CyGlobalIntDisable;
 354              		.loc 1 275 0
 355              		.syntax divided
 356              	@ 275 "Generated_Source\PSoC4\cyfitter_cfg.c" 1
 357 0122 72B6     		CPSID   i
 358              	@ 0 "" 2
 276:Generated_Source\PSoC4/cyfitter_cfg.c **** 
 277:Generated_Source\PSoC4/cyfitter_cfg.c **** 	CY_SET_REG32((void *)(CYREG_BLE_BLESS_LL_DSM_CTRL), 0x00000000u);
 359              		.loc 1 277 0
 360              		.thumb
 361              		.syntax unified
 362 0124 374B     		ldr	r3, .L13
 363 0126 0022     		movs	r2, #0
 364 0128 1A60     		str	r2, [r3]
 365              	.LBB2:
 278:Generated_Source\PSoC4/cyfitter_cfg.c **** 
 279:Generated_Source\PSoC4/cyfitter_cfg.c **** 	{
 280:Generated_Source\PSoC4/cyfitter_cfg.c **** 
 281:Generated_Source\PSoC4/cyfitter_cfg.c **** 		CYPACKED typedef struct {
 282:Generated_Source\PSoC4/cyfitter_cfg.c **** 			void CYFAR *address;
 283:Generated_Source\PSoC4/cyfitter_cfg.c **** 			uint16 size;
 284:Generated_Source\PSoC4/cyfitter_cfg.c **** 		} CYPACKED_ATTR cfg_memset_t;
 285:Generated_Source\PSoC4/cyfitter_cfg.c **** 
 286:Generated_Source\PSoC4/cyfitter_cfg.c **** 		static const cfg_memset_t CYCODE cfg_memset_list[] = {
 287:Generated_Source\PSoC4/cyfitter_cfg.c **** 			/* address, size */
 288:Generated_Source\PSoC4/cyfitter_cfg.c **** 			{(void CYFAR *)(CYDEV_UDB_P0_U0_BASE), 1024u},
 289:Generated_Source\PSoC4/cyfitter_cfg.c **** 			{(void CYFAR *)(CYDEV_UDB_DSI0_BASE), 1024u},
 290:Generated_Source\PSoC4/cyfitter_cfg.c **** 		};
 291:Generated_Source\PSoC4/cyfitter_cfg.c **** 
 292:Generated_Source\PSoC4/cyfitter_cfg.c **** 		uint8 CYDATA i;
 293:Generated_Source\PSoC4/cyfitter_cfg.c **** 
 294:Generated_Source\PSoC4/cyfitter_cfg.c **** 		/* Zero out critical memory blocks before beginning configuration */
 295:Generated_Source\PSoC4/cyfitter_cfg.c **** 		for (i = 0u; i < (sizeof(cfg_memset_list)/sizeof(cfg_memset_list[0])); i++)
 366              		.loc 1 295 0
 367 012a FB1D     		adds	r3, r7, #7
 368 012c 0022     		movs	r2, #0
 369 012e 1A70     		strb	r2, [r3]
 370 0130 22E0     		b	.L11
 371              	.L12:
 372              	.LBB3:
 296:Generated_Source\PSoC4/cyfitter_cfg.c **** 		{
 297:Generated_Source\PSoC4/cyfitter_cfg.c **** 			const cfg_memset_t CYCODE * CYDATA ms = &cfg_memset_list[i];
 373              		.loc 1 297 0 discriminator 3
 374 0132 FB1D     		adds	r3, r7, #7
 375 0134 1A78     		ldrb	r2, [r3]
 376 0136 1300     		movs	r3, r2
 377 0138 5B00     		lsls	r3, r3, #1
 378 013a 9B18     		adds	r3, r3, r2
 379 013c 5B00     		lsls	r3, r3, #1
 380 013e 324A     		ldr	r2, .L13+4
 381 0140 9B18     		adds	r3, r3, r2
 382 0142 3B60     		str	r3, [r7]
 298:Generated_Source\PSoC4/cyfitter_cfg.c **** 			CYMEMZERO(ms->address, (size_t)(uint32)(ms->size));
 383              		.loc 1 298 0 discriminator 3
 384 0144 3B68     		ldr	r3, [r7]
 385 0146 1A78     		ldrb	r2, [r3]
 386 0148 5978     		ldrb	r1, [r3, #1]
ARM GAS  C:\Users\crazy\AppData\Local\Temp\ccAaMvji.s 			page 13


 387 014a 0902     		lsls	r1, r1, #8
 388 014c 0A43     		orrs	r2, r1
 389 014e 9978     		ldrb	r1, [r3, #2]
 390 0150 0904     		lsls	r1, r1, #16
 391 0152 0A43     		orrs	r2, r1
 392 0154 DB78     		ldrb	r3, [r3, #3]
 393 0156 1B06     		lsls	r3, r3, #24
 394 0158 1343     		orrs	r3, r2
 395 015a 1800     		movs	r0, r3
 396 015c 3B68     		ldr	r3, [r7]
 397 015e 1A79     		ldrb	r2, [r3, #4]
 398 0160 5B79     		ldrb	r3, [r3, #5]
 399 0162 1B02     		lsls	r3, r3, #8
 400 0164 1343     		orrs	r3, r2
 401 0166 9BB2     		uxth	r3, r3
 402 0168 1900     		movs	r1, r3
 403 016a FFF7FEFF 		bl	CYMEMZERO
 404              	.LBE3:
 295:Generated_Source\PSoC4/cyfitter_cfg.c **** 		{
 405              		.loc 1 295 0 discriminator 3
 406 016e FB1D     		adds	r3, r7, #7
 407 0170 1A78     		ldrb	r2, [r3]
 408 0172 FB1D     		adds	r3, r7, #7
 409 0174 0132     		adds	r2, r2, #1
 410 0176 1A70     		strb	r2, [r3]
 411              	.L11:
 295:Generated_Source\PSoC4/cyfitter_cfg.c **** 		{
 412              		.loc 1 295 0 is_stmt 0 discriminator 1
 413 0178 FB1D     		adds	r3, r7, #7
 414 017a 1B78     		ldrb	r3, [r3]
 415 017c 012B     		cmp	r3, #1
 416 017e D8D9     		bls	.L12
 299:Generated_Source\PSoC4/cyfitter_cfg.c **** 		}
 300:Generated_Source\PSoC4/cyfitter_cfg.c **** 
 301:Generated_Source\PSoC4/cyfitter_cfg.c **** 		/* HSIOM Starting address: CYDEV_HSIOM_BASE */
 302:Generated_Source\PSoC4/cyfitter_cfg.c **** 		CY_SET_REG32((void *)(CYDEV_HSIOM_BASE), 0xEE00F0FFu);
 417              		.loc 1 302 0 is_stmt 1
 418 0180 224B     		ldr	r3, .L13+8
 419 0182 234A     		ldr	r2, .L13+12
 420 0184 1A60     		str	r2, [r3]
 303:Generated_Source\PSoC4/cyfitter_cfg.c **** 		CY_SET_REG32((void *)(CYREG_HSIOM_PORT_SEL1), 0x00990000u);
 421              		.loc 1 303 0
 422 0186 234B     		ldr	r3, .L13+16
 423 0188 9922     		movs	r2, #153
 424 018a 1204     		lsls	r2, r2, #16
 425 018c 1A60     		str	r2, [r3]
 304:Generated_Source\PSoC4/cyfitter_cfg.c **** 
 305:Generated_Source\PSoC4/cyfitter_cfg.c **** 		/* UDB_PA_0 Starting address: CYDEV_UDB_PA0_BASE */
 306:Generated_Source\PSoC4/cyfitter_cfg.c **** 		CY_SET_REG32((void *)(CYDEV_UDB_PA0_BASE), 0x00990000u);
 426              		.loc 1 306 0
 427 018e 224B     		ldr	r3, .L13+20
 428 0190 9922     		movs	r2, #153
 429 0192 1204     		lsls	r2, r2, #16
 430 0194 1A60     		str	r2, [r3]
 307:Generated_Source\PSoC4/cyfitter_cfg.c **** 
 308:Generated_Source\PSoC4/cyfitter_cfg.c **** 		/* UDB_PA_1 Starting address: CYDEV_UDB_PA1_BASE */
 309:Generated_Source\PSoC4/cyfitter_cfg.c **** 		CY_SET_REG32((void *)(CYDEV_UDB_PA1_BASE), 0x00990000u);
ARM GAS  C:\Users\crazy\AppData\Local\Temp\ccAaMvji.s 			page 14


 431              		.loc 1 309 0
 432 0196 214B     		ldr	r3, .L13+24
 433 0198 9922     		movs	r2, #153
 434 019a 1204     		lsls	r2, r2, #16
 435 019c 1A60     		str	r2, [r3]
 310:Generated_Source\PSoC4/cyfitter_cfg.c **** 
 311:Generated_Source\PSoC4/cyfitter_cfg.c **** 		/* UDB_PA_2 Starting address: CYDEV_UDB_PA2_BASE */
 312:Generated_Source\PSoC4/cyfitter_cfg.c **** 		CY_SET_REG32((void *)(CYDEV_UDB_PA2_BASE), 0x00990000u);
 436              		.loc 1 312 0
 437 019e 204B     		ldr	r3, .L13+28
 438 01a0 9922     		movs	r2, #153
 439 01a2 1204     		lsls	r2, r2, #16
 440 01a4 1A60     		str	r2, [r3]
 313:Generated_Source\PSoC4/cyfitter_cfg.c **** 
 314:Generated_Source\PSoC4/cyfitter_cfg.c **** 		/* UDB_PA_3 Starting address: CYDEV_UDB_PA3_BASE */
 315:Generated_Source\PSoC4/cyfitter_cfg.c **** 		CY_SET_REG32((void *)(CYDEV_UDB_PA3_BASE), 0x00990000u);
 441              		.loc 1 315 0
 442 01a6 1F4B     		ldr	r3, .L13+32
 443 01a8 9922     		movs	r2, #153
 444 01aa 1204     		lsls	r2, r2, #16
 445 01ac 1A60     		str	r2, [r3]
 316:Generated_Source\PSoC4/cyfitter_cfg.c **** 
 317:Generated_Source\PSoC4/cyfitter_cfg.c **** 		/* Enable digital routing */
 318:Generated_Source\PSoC4/cyfitter_cfg.c **** 		CY_SET_XTND_REG8((void *)CYREG_UDB_UDBIF_BANK_CTL, (uint8)(CY_GET_XTND_REG8((void *)CYREG_UDB_UDB
 446              		.loc 1 318 0
 447 01ae 1E4A     		ldr	r2, .L13+36
 448 01b0 1D4B     		ldr	r3, .L13+36
 449 01b2 1B78     		ldrb	r3, [r3]
 450 01b4 DBB2     		uxtb	r3, r3
 451 01b6 0621     		movs	r1, #6
 452 01b8 0B43     		orrs	r3, r1
 453 01ba DBB2     		uxtb	r3, r3
 454 01bc 1370     		strb	r3, [r2]
 455              	.LBE2:
 319:Generated_Source\PSoC4/cyfitter_cfg.c **** 	}
 320:Generated_Source\PSoC4/cyfitter_cfg.c **** 
 321:Generated_Source\PSoC4/cyfitter_cfg.c **** 	/* Perform second pass device configuration. These items must be configured in specific order afte
 322:Generated_Source\PSoC4/cyfitter_cfg.c **** 	/* IOPINS0_0 Starting address: CYDEV_GPIO_PRT0_BASE */
 323:Generated_Source\PSoC4/cyfitter_cfg.c **** 	CY_SET_REG32((void *)(CYDEV_GPIO_PRT0_BASE), 0x00000019u);
 456              		.loc 1 323 0
 457 01be 1B4B     		ldr	r3, .L13+40
 458 01c0 1922     		movs	r2, #25
 459 01c2 1A60     		str	r2, [r3]
 324:Generated_Source\PSoC4/cyfitter_cfg.c **** 	CY_SET_REG32((void *)(CYREG_GPIO_PRT0_PC), 0x00D86C0Eu);
 460              		.loc 1 324 0
 461 01c4 1A4B     		ldr	r3, .L13+44
 462 01c6 1B4A     		ldr	r2, .L13+48
 463 01c8 1A60     		str	r2, [r3]
 325:Generated_Source\PSoC4/cyfitter_cfg.c **** 	CY_SET_REG32((void *)(CYREG_GPIO_PRT0_PC2), 0x00000009u);
 464              		.loc 1 325 0
 465 01ca 1B4B     		ldr	r3, .L13+52
 466 01cc 0922     		movs	r2, #9
 467 01ce 1A60     		str	r2, [r3]
 326:Generated_Source\PSoC4/cyfitter_cfg.c **** 
 327:Generated_Source\PSoC4/cyfitter_cfg.c **** 	/* IOPINS0_1 Starting address: CYDEV_GPIO_PRT1_BASE */
 328:Generated_Source\PSoC4/cyfitter_cfg.c **** 	CY_SET_REG32((void *)(CYDEV_GPIO_PRT1_BASE), 0x00000020u);
 468              		.loc 1 328 0
ARM GAS  C:\Users\crazy\AppData\Local\Temp\ccAaMvji.s 			page 15


 469 01d0 1A4B     		ldr	r3, .L13+56
 470 01d2 2022     		movs	r2, #32
 471 01d4 1A60     		str	r2, [r3]
 329:Generated_Source\PSoC4/cyfitter_cfg.c **** 	CY_SET_REG32((void *)(CYREG_GPIO_PRT1_PC), 0x00031000u);
 472              		.loc 1 329 0
 473 01d6 1A4B     		ldr	r3, .L13+60
 474 01d8 C422     		movs	r2, #196
 475 01da 9202     		lsls	r2, r2, #10
 476 01dc 1A60     		str	r2, [r3]
 330:Generated_Source\PSoC4/cyfitter_cfg.c **** 	CY_SET_REG32((void *)(CYREG_GPIO_PRT1_PC2), 0x00000020u);
 477              		.loc 1 330 0
 478 01de 194B     		ldr	r3, .L13+64
 479 01e0 2022     		movs	r2, #32
 480 01e2 1A60     		str	r2, [r3]
 331:Generated_Source\PSoC4/cyfitter_cfg.c **** 
 332:Generated_Source\PSoC4/cyfitter_cfg.c **** 	/* IOPINS0_2 Starting address: CYDEV_GPIO_PRT2_BASE */
 333:Generated_Source\PSoC4/cyfitter_cfg.c **** 	CY_SET_REG32((void *)(CYREG_GPIO_PRT2_PC), 0x00180000u);
 481              		.loc 1 333 0
 482 01e4 184B     		ldr	r3, .L13+68
 483 01e6 C022     		movs	r2, #192
 484 01e8 5203     		lsls	r2, r2, #13
 485 01ea 1A60     		str	r2, [r3]
 334:Generated_Source\PSoC4/cyfitter_cfg.c **** 
 335:Generated_Source\PSoC4/cyfitter_cfg.c **** 	/* IOPINS0_3 Starting address: CYDEV_GPIO_PRT3_BASE */
 336:Generated_Source\PSoC4/cyfitter_cfg.c **** 	CY_SET_REG32((void *)(CYREG_GPIO_PRT3_PC), 0x00D80000u);
 486              		.loc 1 336 0
 487 01ec 174B     		ldr	r3, .L13+72
 488 01ee D822     		movs	r2, #216
 489 01f0 1204     		lsls	r2, r2, #16
 490 01f2 1A60     		str	r2, [r3]
 337:Generated_Source\PSoC4/cyfitter_cfg.c **** 
 338:Generated_Source\PSoC4/cyfitter_cfg.c **** 
 339:Generated_Source\PSoC4/cyfitter_cfg.c **** 	/* Setup clocks based on selections from Clock DWR */
 340:Generated_Source\PSoC4/cyfitter_cfg.c **** 	ClockSetup();
 491              		.loc 1 340 0
 492 01f4 FFF704FF 		bl	ClockSetup
 341:Generated_Source\PSoC4/cyfitter_cfg.c **** 
 342:Generated_Source\PSoC4/cyfitter_cfg.c **** 	/* Perform basic analog initialization to defaults */
 343:Generated_Source\PSoC4/cyfitter_cfg.c **** 	AnalogSetDefault();
 493              		.loc 1 343 0
 494 01f8 FFF7FEFF 		bl	AnalogSetDefault
 344:Generated_Source\PSoC4/cyfitter_cfg.c **** 
 345:Generated_Source\PSoC4/cyfitter_cfg.c **** }
 495              		.loc 1 345 0
 496 01fc C046     		nop
 497 01fe BD46     		mov	sp, r7
 498 0200 02B0     		add	sp, sp, #8
 499              		@ sp needed
 500 0202 80BD     		pop	{r7, pc}
 501              	.L14:
 502              		.align	2
 503              	.L13:
 504 0204 6CF02E40 		.word	1076818028
 505 0208 00000000 		.word	cfg_memset_list.4884
 506 020c 00000240 		.word	1073872896
 507 0210 FFF000EE 		.word	-301928193
 508 0214 00010240 		.word	1073873152
ARM GAS  C:\Users\crazy\AppData\Local\Temp\ccAaMvji.s 			page 16


 509 0218 00500F40 		.word	1074745344
 510 021c 10500F40 		.word	1074745360
 511 0220 20500F40 		.word	1074745376
 512 0224 30500F40 		.word	1074745392
 513 0228 00700F40 		.word	1074753536
 514 022c 00000440 		.word	1074003968
 515 0230 08000440 		.word	1074003976
 516 0234 0E6CD800 		.word	14183438
 517 0238 18000440 		.word	1074003992
 518 023c 00010440 		.word	1074004224
 519 0240 08010440 		.word	1074004232
 520 0244 18010440 		.word	1074004248
 521 0248 08020440 		.word	1074004488
 522 024c 08030440 		.word	1074004744
 523              		.cfi_endproc
 524              	.LFE7:
 525              		.size	cyfitter_cfg, .-cyfitter_cfg
 526              		.section	.rodata
 527              		.align	2
 528              		.type	cfg_memset_list.4884, %object
 529              		.size	cfg_memset_list.4884, 12
 530              	cfg_memset_list.4884:
 531 0000 00300F40 		.word	1074737152
 532 0004 0004     		.short	1024
 533 0006 00400F40 		.4byte	1074741248
 534 000a 0004     		.short	1024
 535              		.text
 536              	.Letext0:
 537              		.file 2 "c:\\program files (x86)\\cypress\\psoc creator\\4.2\\psoc creator\\import\\gnu\\arm\\5.4.
 538              		.file 3 "Generated_Source\\PSoC4\\cytypes.h"
 539              		.section	.debug_info,"",%progbits
 540              	.Ldebug_info0:
 541 0000 55020000 		.4byte	0x255
 542 0004 0400     		.2byte	0x4
 543 0006 00000000 		.4byte	.Ldebug_abbrev0
 544 000a 04       		.byte	0x4
 545 000b 01       		.uleb128 0x1
 546 000c 83000000 		.4byte	.LASF30
 547 0010 0C       		.byte	0xc
 548 0011 1C020000 		.4byte	.LASF31
 549 0015 91010000 		.4byte	.LASF32
 550 0019 00000000 		.4byte	.Ldebug_ranges0+0
 551 001d 00000000 		.4byte	0
 552 0021 00000000 		.4byte	.Ldebug_line0
 553 0025 02       		.uleb128 0x2
 554 0026 04       		.byte	0x4
 555 0027 05       		.byte	0x5
 556 0028 696E7400 		.ascii	"int\000"
 557 002c 03       		.uleb128 0x3
 558 002d 06000000 		.4byte	.LASF12
 559 0031 02       		.byte	0x2
 560 0032 D8       		.byte	0xd8
 561 0033 37000000 		.4byte	0x37
 562 0037 04       		.uleb128 0x4
 563 0038 04       		.byte	0x4
 564 0039 07       		.byte	0x7
 565 003a 41010000 		.4byte	.LASF0
ARM GAS  C:\Users\crazy\AppData\Local\Temp\ccAaMvji.s 			page 17


 566 003e 04       		.uleb128 0x4
 567 003f 08       		.byte	0x8
 568 0040 05       		.byte	0x5
 569 0041 83010000 		.4byte	.LASF1
 570 0045 04       		.uleb128 0x4
 571 0046 08       		.byte	0x8
 572 0047 04       		.byte	0x4
 573 0048 04020000 		.4byte	.LASF2
 574 004c 04       		.uleb128 0x4
 575 004d 01       		.byte	0x1
 576 004e 06       		.byte	0x6
 577 004f 10020000 		.4byte	.LASF3
 578 0053 04       		.uleb128 0x4
 579 0054 01       		.byte	0x1
 580 0055 08       		.byte	0x8
 581 0056 11010000 		.4byte	.LASF4
 582 005a 04       		.uleb128 0x4
 583 005b 02       		.byte	0x2
 584 005c 05       		.byte	0x5
 585 005d EC010000 		.4byte	.LASF5
 586 0061 04       		.uleb128 0x4
 587 0062 02       		.byte	0x2
 588 0063 07       		.byte	0x7
 589 0064 39000000 		.4byte	.LASF6
 590 0068 04       		.uleb128 0x4
 591 0069 04       		.byte	0x4
 592 006a 05       		.byte	0x5
 593 006b F6010000 		.4byte	.LASF7
 594 006f 04       		.uleb128 0x4
 595 0070 04       		.byte	0x4
 596 0071 07       		.byte	0x7
 597 0072 61000000 		.4byte	.LASF8
 598 0076 04       		.uleb128 0x4
 599 0077 08       		.byte	0x8
 600 0078 07       		.byte	0x7
 601 0079 56010000 		.4byte	.LASF9
 602 007d 04       		.uleb128 0x4
 603 007e 04       		.byte	0x4
 604 007f 07       		.byte	0x7
 605 0080 7A010000 		.4byte	.LASF10
 606 0084 05       		.uleb128 0x5
 607 0085 04       		.byte	0x4
 608 0086 04       		.uleb128 0x4
 609 0087 01       		.byte	0x1
 610 0088 08       		.byte	0x8
 611 0089 FF010000 		.4byte	.LASF11
 612 008d 06       		.uleb128 0x6
 613 008e 73000000 		.4byte	.LASF13
 614 0092 03       		.byte	0x3
 615 0093 E401     		.2byte	0x1e4
 616 0095 53000000 		.4byte	0x53
 617 0099 06       		.uleb128 0x6
 618 009a 33010000 		.4byte	.LASF14
 619 009e 03       		.byte	0x3
 620 009f E501     		.2byte	0x1e5
 621 00a1 61000000 		.4byte	0x61
 622 00a5 06       		.uleb128 0x6
ARM GAS  C:\Users\crazy\AppData\Local\Temp\ccAaMvji.s 			page 18


 623 00a6 3A010000 		.4byte	.LASF15
 624 00aa 03       		.byte	0x3
 625 00ab E601     		.2byte	0x1e6
 626 00ad 6F000000 		.4byte	0x6f
 627 00b1 04       		.uleb128 0x4
 628 00b2 04       		.byte	0x4
 629 00b3 04       		.byte	0x4
 630 00b4 4C000000 		.4byte	.LASF16
 631 00b8 04       		.uleb128 0x4
 632 00b9 08       		.byte	0x8
 633 00ba 04       		.byte	0x4
 634 00bb 1F010000 		.4byte	.LASF17
 635 00bf 06       		.uleb128 0x6
 636 00c0 5C000000 		.4byte	.LASF18
 637 00c4 03       		.byte	0x3
 638 00c5 8E02     		.2byte	0x28e
 639 00c7 CB000000 		.4byte	0xcb
 640 00cb 07       		.uleb128 0x7
 641 00cc 8D000000 		.4byte	0x8d
 642 00d0 06       		.uleb128 0x6
 643 00d1 00000000 		.4byte	.LASF19
 644 00d5 03       		.byte	0x3
 645 00d6 9002     		.2byte	0x290
 646 00d8 DC000000 		.4byte	0xdc
 647 00dc 07       		.uleb128 0x7
 648 00dd A5000000 		.4byte	0xa5
 649 00e1 08       		.uleb128 0x8
 650 00e2 79000000 		.4byte	.LASF20
 651 00e6 01       		.byte	0x1
 652 00e7 4A       		.byte	0x4a
 653 00e8 00000000 		.4byte	.LFB2
 654 00ec 1E000000 		.4byte	.LFE2-.LFB2
 655 00f0 01       		.uleb128 0x1
 656 00f1 9C       		.byte	0x9c
 657 00f2 0F010000 		.4byte	0x10f
 658 00f6 09       		.uleb128 0x9
 659 00f7 7300     		.ascii	"s\000"
 660 00f9 01       		.byte	0x1
 661 00fa 4A       		.byte	0x4a
 662 00fb 84000000 		.4byte	0x84
 663 00ff 02       		.uleb128 0x2
 664 0100 91       		.byte	0x91
 665 0101 74       		.sleb128 -12
 666 0102 09       		.uleb128 0x9
 667 0103 6E00     		.ascii	"n\000"
 668 0105 01       		.byte	0x1
 669 0106 4A       		.byte	0x4a
 670 0107 2C000000 		.4byte	0x2c
 671 010b 02       		.uleb128 0x2
 672 010c 91       		.byte	0x91
 673 010d 70       		.sleb128 -16
 674 010e 00       		.byte	0
 675 010f 08       		.uleb128 0x8
 676 0110 52020000 		.4byte	.LASF21
 677 0114 01       		.byte	0x1
 678 0115 51       		.byte	0x51
 679 0116 00000000 		.4byte	.LFB3
ARM GAS  C:\Users\crazy\AppData\Local\Temp\ccAaMvji.s 			page 19


 680 011a 20000000 		.4byte	.LFE3-.LFB3
 681 011e 01       		.uleb128 0x1
 682 011f 9C       		.byte	0x9c
 683 0120 4D010000 		.4byte	0x14d
 684 0124 0A       		.uleb128 0xa
 685 0125 52000000 		.4byte	.LASF22
 686 0129 01       		.byte	0x1
 687 012a 51       		.byte	0x51
 688 012b 84000000 		.4byte	0x84
 689 012f 02       		.uleb128 0x2
 690 0130 91       		.byte	0x91
 691 0131 74       		.sleb128 -12
 692 0132 09       		.uleb128 0x9
 693 0133 73726300 		.ascii	"src\000"
 694 0137 01       		.byte	0x1
 695 0138 51       		.byte	0x51
 696 0139 4D010000 		.4byte	0x14d
 697 013d 02       		.uleb128 0x2
 698 013e 91       		.byte	0x91
 699 013f 70       		.sleb128 -16
 700 0140 09       		.uleb128 0x9
 701 0141 6E00     		.ascii	"n\000"
 702 0143 01       		.byte	0x1
 703 0144 51       		.byte	0x51
 704 0145 2C000000 		.4byte	0x2c
 705 0149 02       		.uleb128 0x2
 706 014a 91       		.byte	0x91
 707 014b 6C       		.sleb128 -20
 708 014c 00       		.byte	0
 709 014d 0B       		.uleb128 0xb
 710 014e 04       		.byte	0x4
 711 014f 53010000 		.4byte	0x153
 712 0153 0C       		.uleb128 0xc
 713 0154 08       		.uleb128 0x8
 714 0155 42020000 		.4byte	.LASF23
 715 0159 01       		.byte	0x1
 716 015a 58       		.byte	0x58
 717 015b 00000000 		.4byte	.LFB4
 718 015f 20000000 		.4byte	.LFE4-.LFB4
 719 0163 01       		.uleb128 0x1
 720 0164 9C       		.byte	0x9c
 721 0165 92010000 		.4byte	0x192
 722 0169 0A       		.uleb128 0xa
 723 016a 52000000 		.4byte	.LASF22
 724 016e 01       		.byte	0x1
 725 016f 58       		.byte	0x58
 726 0170 84000000 		.4byte	0x84
 727 0174 02       		.uleb128 0x2
 728 0175 91       		.byte	0x91
 729 0176 74       		.sleb128 -12
 730 0177 09       		.uleb128 0x9
 731 0178 73726300 		.ascii	"src\000"
 732 017c 01       		.byte	0x1
 733 017d 58       		.byte	0x58
 734 017e 4D010000 		.4byte	0x14d
 735 0182 02       		.uleb128 0x2
 736 0183 91       		.byte	0x91
ARM GAS  C:\Users\crazy\AppData\Local\Temp\ccAaMvji.s 			page 20


 737 0184 70       		.sleb128 -16
 738 0185 09       		.uleb128 0x9
 739 0186 6E00     		.ascii	"n\000"
 740 0188 01       		.byte	0x1
 741 0189 58       		.byte	0x58
 742 018a 2C000000 		.4byte	0x2c
 743 018e 02       		.uleb128 0x2
 744 018f 91       		.byte	0x91
 745 0190 6C       		.sleb128 -20
 746 0191 00       		.byte	0
 747 0192 0D       		.uleb128 0xd
 748 0193 2E000000 		.4byte	.LASF24
 749 0197 01       		.byte	0x1
 750 0198 A8       		.byte	0xa8
 751 0199 00000000 		.4byte	.LFB5
 752 019d 1C010000 		.4byte	.LFE5-.LFB5
 753 01a1 01       		.uleb128 0x1
 754 01a2 9C       		.byte	0x9c
 755 01a3 0E       		.uleb128 0xe
 756 01a4 0D000000 		.4byte	.LASF25
 757 01a8 01       		.byte	0x1
 758 01a9 F5       		.byte	0xf5
 759 01aa 00000000 		.4byte	.LFB6
 760 01ae 28000000 		.4byte	.LFE6-.LFB6
 761 01b2 01       		.uleb128 0x1
 762 01b3 9C       		.byte	0x9c
 763 01b4 0F       		.uleb128 0xf
 764 01b5 26010000 		.4byte	.LASF33
 765 01b9 01       		.byte	0x1
 766 01ba 1001     		.2byte	0x110
 767 01bc 1C010000 		.4byte	.LFB7
 768 01c0 34010000 		.4byte	.LFE7-.LFB7
 769 01c4 01       		.uleb128 0x1
 770 01c5 9C       		.byte	0x9c
 771 01c6 10       		.uleb128 0x10
 772 01c7 2A010000 		.4byte	.LBB2
 773 01cb 94000000 		.4byte	.LBE2-.LBB2
 774 01cf 11       		.uleb128 0x11
 775 01d0 06       		.byte	0x6
 776 01d1 01       		.byte	0x1
 777 01d2 1901     		.2byte	0x119
 778 01d4 F3010000 		.4byte	0x1f3
 779 01d8 12       		.uleb128 0x12
 780 01d9 4E010000 		.4byte	.LASF26
 781 01dd 01       		.byte	0x1
 782 01de 1A01     		.2byte	0x11a
 783 01e0 84000000 		.4byte	0x84
 784 01e4 00       		.byte	0
 785 01e5 12       		.uleb128 0x12
 786 01e6 57000000 		.4byte	.LASF27
 787 01ea 01       		.byte	0x1
 788 01eb 1B01     		.2byte	0x11b
 789 01ed 99000000 		.4byte	0x99
 790 01f1 04       		.byte	0x4
 791 01f2 00       		.byte	0
 792 01f3 06       		.uleb128 0x6
 793 01f4 6D010000 		.4byte	.LASF28
ARM GAS  C:\Users\crazy\AppData\Local\Temp\ccAaMvji.s 			page 21


 794 01f8 01       		.byte	0x1
 795 01f9 1C01     		.2byte	0x11c
 796 01fb CF010000 		.4byte	0x1cf
 797 01ff 13       		.uleb128 0x13
 798 0200 0F020000 		.4byte	0x20f
 799 0204 0F020000 		.4byte	0x20f
 800 0208 14       		.uleb128 0x14
 801 0209 7D000000 		.4byte	0x7d
 802 020d 01       		.byte	0x1
 803 020e 00       		.byte	0
 804 020f 15       		.uleb128 0x15
 805 0210 F3010000 		.4byte	0x1f3
 806 0214 16       		.uleb128 0x16
 807 0215 1E000000 		.4byte	.LASF29
 808 0219 01       		.byte	0x1
 809 021a 1E01     		.2byte	0x11e
 810 021c 26020000 		.4byte	0x226
 811 0220 05       		.uleb128 0x5
 812 0221 03       		.byte	0x3
 813 0222 00000000 		.4byte	cfg_memset_list.4884
 814 0226 15       		.uleb128 0x15
 815 0227 FF010000 		.4byte	0x1ff
 816 022b 17       		.uleb128 0x17
 817 022c 6900     		.ascii	"i\000"
 818 022e 01       		.byte	0x1
 819 022f 2401     		.2byte	0x124
 820 0231 8D000000 		.4byte	0x8d
 821 0235 02       		.uleb128 0x2
 822 0236 91       		.byte	0x91
 823 0237 77       		.sleb128 -9
 824 0238 10       		.uleb128 0x10
 825 0239 32010000 		.4byte	.LBB3
 826 023d 3C000000 		.4byte	.LBE3-.LBB3
 827 0241 17       		.uleb128 0x17
 828 0242 6D7300   		.ascii	"ms\000"
 829 0245 01       		.byte	0x1
 830 0246 2901     		.2byte	0x129
 831 0248 4F020000 		.4byte	0x24f
 832 024c 02       		.uleb128 0x2
 833 024d 91       		.byte	0x91
 834 024e 70       		.sleb128 -16
 835 024f 0B       		.uleb128 0xb
 836 0250 04       		.byte	0x4
 837 0251 0F020000 		.4byte	0x20f
 838 0255 00       		.byte	0
 839 0256 00       		.byte	0
 840 0257 00       		.byte	0
 841 0258 00       		.byte	0
 842              		.section	.debug_abbrev,"",%progbits
 843              	.Ldebug_abbrev0:
 844 0000 01       		.uleb128 0x1
 845 0001 11       		.uleb128 0x11
 846 0002 01       		.byte	0x1
 847 0003 25       		.uleb128 0x25
 848 0004 0E       		.uleb128 0xe
 849 0005 13       		.uleb128 0x13
 850 0006 0B       		.uleb128 0xb
ARM GAS  C:\Users\crazy\AppData\Local\Temp\ccAaMvji.s 			page 22


 851 0007 03       		.uleb128 0x3
 852 0008 0E       		.uleb128 0xe
 853 0009 1B       		.uleb128 0x1b
 854 000a 0E       		.uleb128 0xe
 855 000b 55       		.uleb128 0x55
 856 000c 17       		.uleb128 0x17
 857 000d 11       		.uleb128 0x11
 858 000e 01       		.uleb128 0x1
 859 000f 10       		.uleb128 0x10
 860 0010 17       		.uleb128 0x17
 861 0011 00       		.byte	0
 862 0012 00       		.byte	0
 863 0013 02       		.uleb128 0x2
 864 0014 24       		.uleb128 0x24
 865 0015 00       		.byte	0
 866 0016 0B       		.uleb128 0xb
 867 0017 0B       		.uleb128 0xb
 868 0018 3E       		.uleb128 0x3e
 869 0019 0B       		.uleb128 0xb
 870 001a 03       		.uleb128 0x3
 871 001b 08       		.uleb128 0x8
 872 001c 00       		.byte	0
 873 001d 00       		.byte	0
 874 001e 03       		.uleb128 0x3
 875 001f 16       		.uleb128 0x16
 876 0020 00       		.byte	0
 877 0021 03       		.uleb128 0x3
 878 0022 0E       		.uleb128 0xe
 879 0023 3A       		.uleb128 0x3a
 880 0024 0B       		.uleb128 0xb
 881 0025 3B       		.uleb128 0x3b
 882 0026 0B       		.uleb128 0xb
 883 0027 49       		.uleb128 0x49
 884 0028 13       		.uleb128 0x13
 885 0029 00       		.byte	0
 886 002a 00       		.byte	0
 887 002b 04       		.uleb128 0x4
 888 002c 24       		.uleb128 0x24
 889 002d 00       		.byte	0
 890 002e 0B       		.uleb128 0xb
 891 002f 0B       		.uleb128 0xb
 892 0030 3E       		.uleb128 0x3e
 893 0031 0B       		.uleb128 0xb
 894 0032 03       		.uleb128 0x3
 895 0033 0E       		.uleb128 0xe
 896 0034 00       		.byte	0
 897 0035 00       		.byte	0
 898 0036 05       		.uleb128 0x5
 899 0037 0F       		.uleb128 0xf
 900 0038 00       		.byte	0
 901 0039 0B       		.uleb128 0xb
 902 003a 0B       		.uleb128 0xb
 903 003b 00       		.byte	0
 904 003c 00       		.byte	0
 905 003d 06       		.uleb128 0x6
 906 003e 16       		.uleb128 0x16
 907 003f 00       		.byte	0
ARM GAS  C:\Users\crazy\AppData\Local\Temp\ccAaMvji.s 			page 23


 908 0040 03       		.uleb128 0x3
 909 0041 0E       		.uleb128 0xe
 910 0042 3A       		.uleb128 0x3a
 911 0043 0B       		.uleb128 0xb
 912 0044 3B       		.uleb128 0x3b
 913 0045 05       		.uleb128 0x5
 914 0046 49       		.uleb128 0x49
 915 0047 13       		.uleb128 0x13
 916 0048 00       		.byte	0
 917 0049 00       		.byte	0
 918 004a 07       		.uleb128 0x7
 919 004b 35       		.uleb128 0x35
 920 004c 00       		.byte	0
 921 004d 49       		.uleb128 0x49
 922 004e 13       		.uleb128 0x13
 923 004f 00       		.byte	0
 924 0050 00       		.byte	0
 925 0051 08       		.uleb128 0x8
 926 0052 2E       		.uleb128 0x2e
 927 0053 01       		.byte	0x1
 928 0054 03       		.uleb128 0x3
 929 0055 0E       		.uleb128 0xe
 930 0056 3A       		.uleb128 0x3a
 931 0057 0B       		.uleb128 0xb
 932 0058 3B       		.uleb128 0x3b
 933 0059 0B       		.uleb128 0xb
 934 005a 27       		.uleb128 0x27
 935 005b 19       		.uleb128 0x19
 936 005c 11       		.uleb128 0x11
 937 005d 01       		.uleb128 0x1
 938 005e 12       		.uleb128 0x12
 939 005f 06       		.uleb128 0x6
 940 0060 40       		.uleb128 0x40
 941 0061 18       		.uleb128 0x18
 942 0062 9642     		.uleb128 0x2116
 943 0064 19       		.uleb128 0x19
 944 0065 01       		.uleb128 0x1
 945 0066 13       		.uleb128 0x13
 946 0067 00       		.byte	0
 947 0068 00       		.byte	0
 948 0069 09       		.uleb128 0x9
 949 006a 05       		.uleb128 0x5
 950 006b 00       		.byte	0
 951 006c 03       		.uleb128 0x3
 952 006d 08       		.uleb128 0x8
 953 006e 3A       		.uleb128 0x3a
 954 006f 0B       		.uleb128 0xb
 955 0070 3B       		.uleb128 0x3b
 956 0071 0B       		.uleb128 0xb
 957 0072 49       		.uleb128 0x49
 958 0073 13       		.uleb128 0x13
 959 0074 02       		.uleb128 0x2
 960 0075 18       		.uleb128 0x18
 961 0076 00       		.byte	0
 962 0077 00       		.byte	0
 963 0078 0A       		.uleb128 0xa
 964 0079 05       		.uleb128 0x5
ARM GAS  C:\Users\crazy\AppData\Local\Temp\ccAaMvji.s 			page 24


 965 007a 00       		.byte	0
 966 007b 03       		.uleb128 0x3
 967 007c 0E       		.uleb128 0xe
 968 007d 3A       		.uleb128 0x3a
 969 007e 0B       		.uleb128 0xb
 970 007f 3B       		.uleb128 0x3b
 971 0080 0B       		.uleb128 0xb
 972 0081 49       		.uleb128 0x49
 973 0082 13       		.uleb128 0x13
 974 0083 02       		.uleb128 0x2
 975 0084 18       		.uleb128 0x18
 976 0085 00       		.byte	0
 977 0086 00       		.byte	0
 978 0087 0B       		.uleb128 0xb
 979 0088 0F       		.uleb128 0xf
 980 0089 00       		.byte	0
 981 008a 0B       		.uleb128 0xb
 982 008b 0B       		.uleb128 0xb
 983 008c 49       		.uleb128 0x49
 984 008d 13       		.uleb128 0x13
 985 008e 00       		.byte	0
 986 008f 00       		.byte	0
 987 0090 0C       		.uleb128 0xc
 988 0091 26       		.uleb128 0x26
 989 0092 00       		.byte	0
 990 0093 00       		.byte	0
 991 0094 00       		.byte	0
 992 0095 0D       		.uleb128 0xd
 993 0096 2E       		.uleb128 0x2e
 994 0097 00       		.byte	0
 995 0098 03       		.uleb128 0x3
 996 0099 0E       		.uleb128 0xe
 997 009a 3A       		.uleb128 0x3a
 998 009b 0B       		.uleb128 0xb
 999 009c 3B       		.uleb128 0x3b
 1000 009d 0B       		.uleb128 0xb
 1001 009e 27       		.uleb128 0x27
 1002 009f 19       		.uleb128 0x19
 1003 00a0 11       		.uleb128 0x11
 1004 00a1 01       		.uleb128 0x1
 1005 00a2 12       		.uleb128 0x12
 1006 00a3 06       		.uleb128 0x6
 1007 00a4 40       		.uleb128 0x40
 1008 00a5 18       		.uleb128 0x18
 1009 00a6 9642     		.uleb128 0x2116
 1010 00a8 19       		.uleb128 0x19
 1011 00a9 00       		.byte	0
 1012 00aa 00       		.byte	0
 1013 00ab 0E       		.uleb128 0xe
 1014 00ac 2E       		.uleb128 0x2e
 1015 00ad 00       		.byte	0
 1016 00ae 03       		.uleb128 0x3
 1017 00af 0E       		.uleb128 0xe
 1018 00b0 3A       		.uleb128 0x3a
 1019 00b1 0B       		.uleb128 0xb
 1020 00b2 3B       		.uleb128 0x3b
 1021 00b3 0B       		.uleb128 0xb
ARM GAS  C:\Users\crazy\AppData\Local\Temp\ccAaMvji.s 			page 25


 1022 00b4 27       		.uleb128 0x27
 1023 00b5 19       		.uleb128 0x19
 1024 00b6 11       		.uleb128 0x11
 1025 00b7 01       		.uleb128 0x1
 1026 00b8 12       		.uleb128 0x12
 1027 00b9 06       		.uleb128 0x6
 1028 00ba 40       		.uleb128 0x40
 1029 00bb 18       		.uleb128 0x18
 1030 00bc 9742     		.uleb128 0x2117
 1031 00be 19       		.uleb128 0x19
 1032 00bf 00       		.byte	0
 1033 00c0 00       		.byte	0
 1034 00c1 0F       		.uleb128 0xf
 1035 00c2 2E       		.uleb128 0x2e
 1036 00c3 01       		.byte	0x1
 1037 00c4 3F       		.uleb128 0x3f
 1038 00c5 19       		.uleb128 0x19
 1039 00c6 03       		.uleb128 0x3
 1040 00c7 0E       		.uleb128 0xe
 1041 00c8 3A       		.uleb128 0x3a
 1042 00c9 0B       		.uleb128 0xb
 1043 00ca 3B       		.uleb128 0x3b
 1044 00cb 05       		.uleb128 0x5
 1045 00cc 27       		.uleb128 0x27
 1046 00cd 19       		.uleb128 0x19
 1047 00ce 11       		.uleb128 0x11
 1048 00cf 01       		.uleb128 0x1
 1049 00d0 12       		.uleb128 0x12
 1050 00d1 06       		.uleb128 0x6
 1051 00d2 40       		.uleb128 0x40
 1052 00d3 18       		.uleb128 0x18
 1053 00d4 9642     		.uleb128 0x2116
 1054 00d6 19       		.uleb128 0x19
 1055 00d7 00       		.byte	0
 1056 00d8 00       		.byte	0
 1057 00d9 10       		.uleb128 0x10
 1058 00da 0B       		.uleb128 0xb
 1059 00db 01       		.byte	0x1
 1060 00dc 11       		.uleb128 0x11
 1061 00dd 01       		.uleb128 0x1
 1062 00de 12       		.uleb128 0x12
 1063 00df 06       		.uleb128 0x6
 1064 00e0 00       		.byte	0
 1065 00e1 00       		.byte	0
 1066 00e2 11       		.uleb128 0x11
 1067 00e3 13       		.uleb128 0x13
 1068 00e4 01       		.byte	0x1
 1069 00e5 0B       		.uleb128 0xb
 1070 00e6 0B       		.uleb128 0xb
 1071 00e7 3A       		.uleb128 0x3a
 1072 00e8 0B       		.uleb128 0xb
 1073 00e9 3B       		.uleb128 0x3b
 1074 00ea 05       		.uleb128 0x5
 1075 00eb 01       		.uleb128 0x1
 1076 00ec 13       		.uleb128 0x13
 1077 00ed 00       		.byte	0
 1078 00ee 00       		.byte	0
ARM GAS  C:\Users\crazy\AppData\Local\Temp\ccAaMvji.s 			page 26


 1079 00ef 12       		.uleb128 0x12
 1080 00f0 0D       		.uleb128 0xd
 1081 00f1 00       		.byte	0
 1082 00f2 03       		.uleb128 0x3
 1083 00f3 0E       		.uleb128 0xe
 1084 00f4 3A       		.uleb128 0x3a
 1085 00f5 0B       		.uleb128 0xb
 1086 00f6 3B       		.uleb128 0x3b
 1087 00f7 05       		.uleb128 0x5
 1088 00f8 49       		.uleb128 0x49
 1089 00f9 13       		.uleb128 0x13
 1090 00fa 38       		.uleb128 0x38
 1091 00fb 0B       		.uleb128 0xb
 1092 00fc 00       		.byte	0
 1093 00fd 00       		.byte	0
 1094 00fe 13       		.uleb128 0x13
 1095 00ff 01       		.uleb128 0x1
 1096 0100 01       		.byte	0x1
 1097 0101 49       		.uleb128 0x49
 1098 0102 13       		.uleb128 0x13
 1099 0103 01       		.uleb128 0x1
 1100 0104 13       		.uleb128 0x13
 1101 0105 00       		.byte	0
 1102 0106 00       		.byte	0
 1103 0107 14       		.uleb128 0x14
 1104 0108 21       		.uleb128 0x21
 1105 0109 00       		.byte	0
 1106 010a 49       		.uleb128 0x49
 1107 010b 13       		.uleb128 0x13
 1108 010c 2F       		.uleb128 0x2f
 1109 010d 0B       		.uleb128 0xb
 1110 010e 00       		.byte	0
 1111 010f 00       		.byte	0
 1112 0110 15       		.uleb128 0x15
 1113 0111 26       		.uleb128 0x26
 1114 0112 00       		.byte	0
 1115 0113 49       		.uleb128 0x49
 1116 0114 13       		.uleb128 0x13
 1117 0115 00       		.byte	0
 1118 0116 00       		.byte	0
 1119 0117 16       		.uleb128 0x16
 1120 0118 34       		.uleb128 0x34
 1121 0119 00       		.byte	0
 1122 011a 03       		.uleb128 0x3
 1123 011b 0E       		.uleb128 0xe
 1124 011c 3A       		.uleb128 0x3a
 1125 011d 0B       		.uleb128 0xb
 1126 011e 3B       		.uleb128 0x3b
 1127 011f 05       		.uleb128 0x5
 1128 0120 49       		.uleb128 0x49
 1129 0121 13       		.uleb128 0x13
 1130 0122 02       		.uleb128 0x2
 1131 0123 18       		.uleb128 0x18
 1132 0124 00       		.byte	0
 1133 0125 00       		.byte	0
 1134 0126 17       		.uleb128 0x17
 1135 0127 34       		.uleb128 0x34
ARM GAS  C:\Users\crazy\AppData\Local\Temp\ccAaMvji.s 			page 27


 1136 0128 00       		.byte	0
 1137 0129 03       		.uleb128 0x3
 1138 012a 08       		.uleb128 0x8
 1139 012b 3A       		.uleb128 0x3a
 1140 012c 0B       		.uleb128 0xb
 1141 012d 3B       		.uleb128 0x3b
 1142 012e 05       		.uleb128 0x5
 1143 012f 49       		.uleb128 0x49
 1144 0130 13       		.uleb128 0x13
 1145 0131 02       		.uleb128 0x2
 1146 0132 18       		.uleb128 0x18
 1147 0133 00       		.byte	0
 1148 0134 00       		.byte	0
 1149 0135 00       		.byte	0
 1150              		.section	.debug_aranges,"",%progbits
 1151 0000 44000000 		.4byte	0x44
 1152 0004 0200     		.2byte	0x2
 1153 0006 00000000 		.4byte	.Ldebug_info0
 1154 000a 04       		.byte	0x4
 1155 000b 00       		.byte	0
 1156 000c 0000     		.2byte	0
 1157 000e 0000     		.2byte	0
 1158 0010 00000000 		.4byte	.LFB2
 1159 0014 1E000000 		.4byte	.LFE2-.LFB2
 1160 0018 00000000 		.4byte	.LFB3
 1161 001c 20000000 		.4byte	.LFE3-.LFB3
 1162 0020 00000000 		.4byte	.LFB4
 1163 0024 20000000 		.4byte	.LFE4-.LFB4
 1164 0028 00000000 		.4byte	.LFB5
 1165 002c 1C010000 		.4byte	.LFE5-.LFB5
 1166 0030 00000000 		.4byte	.LFB6
 1167 0034 28000000 		.4byte	.LFE6-.LFB6
 1168 0038 1C010000 		.4byte	.LFB7
 1169 003c 34010000 		.4byte	.LFE7-.LFB7
 1170 0040 00000000 		.4byte	0
 1171 0044 00000000 		.4byte	0
 1172              		.section	.debug_ranges,"",%progbits
 1173              	.Ldebug_ranges0:
 1174 0000 00000000 		.4byte	.LFB2
 1175 0004 1E000000 		.4byte	.LFE2
 1176 0008 00000000 		.4byte	.LFB3
 1177 000c 20000000 		.4byte	.LFE3
 1178 0010 00000000 		.4byte	.LFB4
 1179 0014 20000000 		.4byte	.LFE4
 1180 0018 00000000 		.4byte	.LFB5
 1181 001c 1C010000 		.4byte	.LFE5
 1182 0020 00000000 		.4byte	.LFB6
 1183 0024 28000000 		.4byte	.LFE6
 1184 0028 1C010000 		.4byte	.LFB7
 1185 002c 50020000 		.4byte	.LFE7
 1186 0030 00000000 		.4byte	0
 1187 0034 00000000 		.4byte	0
 1188              		.section	.debug_line,"",%progbits
 1189              	.Ldebug_line0:
 1190 0000 78010000 		.section	.debug_str,"MS",%progbits,1
 1190      0200CB00 
 1190      00000201 
ARM GAS  C:\Users\crazy\AppData\Local\Temp\ccAaMvji.s 			page 28


 1190      FB0E0D00 
 1190      01010101 
 1191              	.LASF19:
 1192 0000 72656733 		.ascii	"reg32\000"
 1192      3200
 1193              	.LASF12:
 1194 0006 73697A65 		.ascii	"size_t\000"
 1194      5F7400
 1195              	.LASF25:
 1196 000d 416E616C 		.ascii	"AnalogSetDefault\000"
 1196      6F675365 
 1196      74446566 
 1196      61756C74 
 1196      00
 1197              	.LASF29:
 1198 001e 6366675F 		.ascii	"cfg_memset_list\000"
 1198      6D656D73 
 1198      65745F6C 
 1198      69737400 
 1199              	.LASF24:
 1200 002e 436C6F63 		.ascii	"ClockSetup\000"
 1200      6B536574 
 1200      757000
 1201              	.LASF6:
 1202 0039 73686F72 		.ascii	"short unsigned int\000"
 1202      7420756E 
 1202      7369676E 
 1202      65642069 
 1202      6E7400
 1203              	.LASF16:
 1204 004c 666C6F61 		.ascii	"float\000"
 1204      7400
 1205              	.LASF22:
 1206 0052 64657374 		.ascii	"dest\000"
 1206      00
 1207              	.LASF27:
 1208 0057 73697A65 		.ascii	"size\000"
 1208      00
 1209              	.LASF18:
 1210 005c 72656738 		.ascii	"reg8\000"
 1210      00
 1211              	.LASF8:
 1212 0061 6C6F6E67 		.ascii	"long unsigned int\000"
 1212      20756E73 
 1212      69676E65 
 1212      6420696E 
 1212      7400
 1213              	.LASF13:
 1214 0073 75696E74 		.ascii	"uint8\000"
 1214      3800
 1215              	.LASF20:
 1216 0079 43594D45 		.ascii	"CYMEMZERO\000"
 1216      4D5A4552 
 1216      4F00
 1217              	.LASF30:
 1218 0083 474E5520 		.ascii	"GNU C11 5.4.1 20160609 (release) [ARM/embedded-5-br"
 1218      43313120 
ARM GAS  C:\Users\crazy\AppData\Local\Temp\ccAaMvji.s 			page 29


 1218      352E342E 
 1218      31203230 
 1218      31363036 
 1219 00b6 616E6368 		.ascii	"anch revision 237715] -mcpu=cortex-m0 -mthumb -g -O"
 1219      20726576 
 1219      6973696F 
 1219      6E203233 
 1219      37373135 
 1220 00e9 30202D66 		.ascii	"0 -ffunction-sections -ffat-lto-objects\000"
 1220      66756E63 
 1220      74696F6E 
 1220      2D736563 
 1220      74696F6E 
 1221              	.LASF4:
 1222 0111 756E7369 		.ascii	"unsigned char\000"
 1222      676E6564 
 1222      20636861 
 1222      7200
 1223              	.LASF17:
 1224 011f 646F7562 		.ascii	"double\000"
 1224      6C6500
 1225              	.LASF33:
 1226 0126 63796669 		.ascii	"cyfitter_cfg\000"
 1226      74746572 
 1226      5F636667 
 1226      00
 1227              	.LASF14:
 1228 0133 75696E74 		.ascii	"uint16\000"
 1228      313600
 1229              	.LASF15:
 1230 013a 75696E74 		.ascii	"uint32\000"
 1230      333200
 1231              	.LASF0:
 1232 0141 756E7369 		.ascii	"unsigned int\000"
 1232      676E6564 
 1232      20696E74 
 1232      00
 1233              	.LASF26:
 1234 014e 61646472 		.ascii	"address\000"
 1234      65737300 
 1235              	.LASF9:
 1236 0156 6C6F6E67 		.ascii	"long long unsigned int\000"
 1236      206C6F6E 
 1236      6720756E 
 1236      7369676E 
 1236      65642069 
 1237              	.LASF28:
 1238 016d 6366675F 		.ascii	"cfg_memset_t\000"
 1238      6D656D73 
 1238      65745F74 
 1238      00
 1239              	.LASF10:
 1240 017a 73697A65 		.ascii	"sizetype\000"
 1240      74797065 
 1240      00
 1241              	.LASF1:
 1242 0183 6C6F6E67 		.ascii	"long long int\000"
ARM GAS  C:\Users\crazy\AppData\Local\Temp\ccAaMvji.s 			page 30


 1242      206C6F6E 
 1242      6720696E 
 1242      7400
 1243              	.LASF32:
 1244 0191 443A5C44 		.ascii	"D:\\Dropbox (School)\\Manhattan\\Embedded Systems\\"
 1244      726F7062 
 1244      6F782028 
 1244      5363686F 
 1244      6F6C295C 
 1245 01c0 50726F6A 		.ascii	"Project\\CySmartDisplay\\CySmartDisplay.cydsn\000"
 1245      6563745C 
 1245      4379536D 
 1245      61727444 
 1245      6973706C 
 1246              	.LASF5:
 1247 01ec 73686F72 		.ascii	"short int\000"
 1247      7420696E 
 1247      7400
 1248              	.LASF7:
 1249 01f6 6C6F6E67 		.ascii	"long int\000"
 1249      20696E74 
 1249      00
 1250              	.LASF11:
 1251 01ff 63686172 		.ascii	"char\000"
 1251      00
 1252              	.LASF2:
 1253 0204 6C6F6E67 		.ascii	"long double\000"
 1253      20646F75 
 1253      626C6500 
 1254              	.LASF3:
 1255 0210 7369676E 		.ascii	"signed char\000"
 1255      65642063 
 1255      68617200 
 1256              	.LASF31:
 1257 021c 47656E65 		.ascii	"Generated_Source\\PSoC4\\cyfitter_cfg.c\000"
 1257      72617465 
 1257      645F536F 
 1257      75726365 
 1257      5C50536F 
 1258              	.LASF23:
 1259 0242 4359434F 		.ascii	"CYCONFIGCPYCODE\000"
 1259      4E464947 
 1259      43505943 
 1259      4F444500 
 1260              	.LASF21:
 1261 0252 4359434F 		.ascii	"CYCONFIGCPY\000"
 1261      4E464947 
 1261      43505900 
 1262              		.ident	"GCC: (GNU Tools for ARM Embedded Processors) 5.4.1 20160609 (release) [ARM/embedded-5-bran
